Archive member included because of file (symbol)

c:/altera/13.0sp1/nios2eds/bin/gnu/h-i686-mingw32/bin/../lib/gcc/nios2-elf/4.1.2/../../../../nios2-elf/lib/mno-hw-mul\libc.a(lib_a-memset.o)
                              obj/default/main.o (memset)
c:/altera/13.0sp1/nios2eds/bin/gnu/h-i686-mingw32/bin/../lib/gcc/nios2-elf/4.1.2/mno-hw-mul\libgcc.a(lib2-mul.o)
                              c:/altera/13.0sp1/nios2eds/bin/gnu/h-i686-mingw32/bin/../lib/gcc/nios2-elf/4.1.2/../../../../nios2-elf/lib/mno-hw-mul\libc.a(lib_a-memset.o) (__mulsi3)
C:/Users/Francisco/Desktop/DE2_70_Character_Display/Eclipse/software/Teste_bsp/\libhal_bsp.a(alt_load.o)
                              C:/Users/Francisco/Desktop/DE2_70_Character_Display/Eclipse/software/Teste_bsp//obj/HAL/src/crt0.o (alt_load)
C:/Users/Francisco/Desktop/DE2_70_Character_Display/Eclipse/software/Teste_bsp/\libhal_bsp.a(alt_main.o)
                              C:/Users/Francisco/Desktop/DE2_70_Character_Display/Eclipse/software/Teste_bsp//obj/HAL/src/crt0.o (alt_main)
C:/Users/Francisco/Desktop/DE2_70_Character_Display/Eclipse/software/Teste_bsp/\libhal_bsp.a(alt_sys_init.o)
                              C:/Users/Francisco/Desktop/DE2_70_Character_Display/Eclipse/software/Teste_bsp/\libhal_bsp.a(alt_main.o) (alt_irq_init)
C:/Users/Francisco/Desktop/DE2_70_Character_Display/Eclipse/software/Teste_bsp/\libhal_bsp.a(altera_up_avalon_video_character_buffer_with_dma.o)
                              C:/Users/Francisco/Desktop/DE2_70_Character_Display/Eclipse/software/Teste_bsp/\libhal_bsp.a(alt_sys_init.o) (alt_up_char_buffer_init)
C:/Users/Francisco/Desktop/DE2_70_Character_Display/Eclipse/software/Teste_bsp/\libhal_bsp.a(alt_close.o)
                              C:/Users/Francisco/Desktop/DE2_70_Character_Display/Eclipse/software/Teste_bsp/\libhal_bsp.a(alt_main.o) (close)
C:/Users/Francisco/Desktop/DE2_70_Character_Display/Eclipse/software/Teste_bsp/\libhal_bsp.a(alt_dcache_flush_all.o)
                              C:/Users/Francisco/Desktop/DE2_70_Character_Display/Eclipse/software/Teste_bsp/\libhal_bsp.a(alt_load.o) (alt_dcache_flush_all)
C:/Users/Francisco/Desktop/DE2_70_Character_Display/Eclipse/software/Teste_bsp/\libhal_bsp.a(alt_dev.o)
                              C:/Users/Francisco/Desktop/DE2_70_Character_Display/Eclipse/software/Teste_bsp/\libhal_bsp.a(alt_sys_init.o) (alt_dev_list)
C:/Users/Francisco/Desktop/DE2_70_Character_Display/Eclipse/software/Teste_bsp/\libhal_bsp.a(alt_dev_llist_insert.o)
                              C:/Users/Francisco/Desktop/DE2_70_Character_Display/Eclipse/software/Teste_bsp/\libhal_bsp.a(alt_sys_init.o) (alt_dev_llist_insert)
C:/Users/Francisco/Desktop/DE2_70_Character_Display/Eclipse/software/Teste_bsp/\libhal_bsp.a(alt_do_ctors.o)
                              C:/Users/Francisco/Desktop/DE2_70_Character_Display/Eclipse/software/Teste_bsp/\libhal_bsp.a(alt_main.o) (_do_ctors)
C:/Users/Francisco/Desktop/DE2_70_Character_Display/Eclipse/software/Teste_bsp/\libhal_bsp.a(alt_do_dtors.o)
                              C:/Users/Francisco/Desktop/DE2_70_Character_Display/Eclipse/software/Teste_bsp/\libhal_bsp.a(alt_main.o) (_do_dtors)
C:/Users/Francisco/Desktop/DE2_70_Character_Display/Eclipse/software/Teste_bsp/\libhal_bsp.a(alt_errno.o)
                              C:/Users/Francisco/Desktop/DE2_70_Character_Display/Eclipse/software/Teste_bsp/\libhal_bsp.a(alt_close.o) (alt_errno)
C:/Users/Francisco/Desktop/DE2_70_Character_Display/Eclipse/software/Teste_bsp/\libhal_bsp.a(alt_find_dev.o)
                              C:/Users/Francisco/Desktop/DE2_70_Character_Display/Eclipse/software/Teste_bsp/\libhal_bsp.a(altera_up_avalon_video_character_buffer_with_dma.o) (alt_find_dev)
C:/Users/Francisco/Desktop/DE2_70_Character_Display/Eclipse/software/Teste_bsp/\libhal_bsp.a(alt_icache_flush_all.o)
                              C:/Users/Francisco/Desktop/DE2_70_Character_Display/Eclipse/software/Teste_bsp/\libhal_bsp.a(alt_load.o) (alt_icache_flush_all)
C:/Users/Francisco/Desktop/DE2_70_Character_Display/Eclipse/software/Teste_bsp/\libhal_bsp.a(alt_release_fd.o)
                              C:/Users/Francisco/Desktop/DE2_70_Character_Display/Eclipse/software/Teste_bsp/\libhal_bsp.a(alt_close.o) (alt_release_fd)
C:/Users/Francisco/Desktop/DE2_70_Character_Display/Eclipse/software/Teste_bsp/\libhal_bsp.a(altera_nios2_qsys_irq.o)
                              C:/Users/Francisco/Desktop/DE2_70_Character_Display/Eclipse/software/Teste_bsp/\libhal_bsp.a(alt_sys_init.o) (altera_nios2_qsys_irq_init)
c:/altera/13.0sp1/nios2eds/bin/gnu/h-i686-mingw32/bin/../lib/gcc/nios2-elf/4.1.2/../../../../nios2-elf/lib/mno-hw-mul\libc.a(lib_a-atexit.o)
                              C:/Users/Francisco/Desktop/DE2_70_Character_Display/Eclipse/software/Teste_bsp/\libhal_bsp.a(alt_main.o) (atexit)
c:/altera/13.0sp1/nios2eds/bin/gnu/h-i686-mingw32/bin/../lib/gcc/nios2-elf/4.1.2/../../../../nios2-elf/lib/mno-hw-mul\libc.a(lib_a-exit.o)
                              C:/Users/Francisco/Desktop/DE2_70_Character_Display/Eclipse/software/Teste_bsp/\libhal_bsp.a(alt_main.o) (exit)
c:/altera/13.0sp1/nios2eds/bin/gnu/h-i686-mingw32/bin/../lib/gcc/nios2-elf/4.1.2/../../../../nios2-elf/lib/mno-hw-mul\libc.a(lib_a-impure.o)
                              c:/altera/13.0sp1/nios2eds/bin/gnu/h-i686-mingw32/bin/../lib/gcc/nios2-elf/4.1.2/../../../../nios2-elf/lib/mno-hw-mul\libc.a(lib_a-exit.o) (_global_impure_ptr)
c:/altera/13.0sp1/nios2eds/bin/gnu/h-i686-mingw32/bin/../lib/gcc/nios2-elf/4.1.2/../../../../nios2-elf/lib/mno-hw-mul\libc.a(lib_a-int_errno.o)
                              C:/Users/Francisco/Desktop/DE2_70_Character_Display/Eclipse/software/Teste_bsp/\libhal_bsp.a(alt_close.o) (errno)
c:/altera/13.0sp1/nios2eds/bin/gnu/h-i686-mingw32/bin/../lib/gcc/nios2-elf/4.1.2/../../../../nios2-elf/lib/mno-hw-mul\libc.a(lib_a-memcmp.o)
                              C:/Users/Francisco/Desktop/DE2_70_Character_Display/Eclipse/software/Teste_bsp/\libhal_bsp.a(alt_find_dev.o) (memcmp)
c:/altera/13.0sp1/nios2eds/bin/gnu/h-i686-mingw32/bin/../lib/gcc/nios2-elf/4.1.2/../../../../nios2-elf/lib/mno-hw-mul\libc.a(lib_a-strcmp.o)
                              C:/Users/Francisco/Desktop/DE2_70_Character_Display/Eclipse/software/Teste_bsp/\libhal_bsp.a(altera_up_avalon_video_character_buffer_with_dma.o) (strcmp)
c:/altera/13.0sp1/nios2eds/bin/gnu/h-i686-mingw32/bin/../lib/gcc/nios2-elf/4.1.2/../../../../nios2-elf/lib/mno-hw-mul\libc.a(lib_a-strlen.o)
                              C:/Users/Francisco/Desktop/DE2_70_Character_Display/Eclipse/software/Teste_bsp/\libhal_bsp.a(alt_find_dev.o) (strlen)
c:/altera/13.0sp1/nios2eds/bin/gnu/h-i686-mingw32/bin/../lib/gcc/nios2-elf/4.1.2/../../../../nios2-elf/lib/mno-hw-mul\libc.a(lib_a-__atexit.o)
                              c:/altera/13.0sp1/nios2eds/bin/gnu/h-i686-mingw32/bin/../lib/gcc/nios2-elf/4.1.2/../../../../nios2-elf/lib/mno-hw-mul\libc.a(lib_a-atexit.o) (__register_exitproc)
c:/altera/13.0sp1/nios2eds/bin/gnu/h-i686-mingw32/bin/../lib/gcc/nios2-elf/4.1.2/../../../../nios2-elf/lib/mno-hw-mul\libc.a(lib_a-__call_atexit.o)
                              c:/altera/13.0sp1/nios2eds/bin/gnu/h-i686-mingw32/bin/../lib/gcc/nios2-elf/4.1.2/../../../../nios2-elf/lib/mno-hw-mul\libc.a(lib_a-exit.o) (__call_exitprocs)
C:/Users/Francisco/Desktop/DE2_70_Character_Display/Eclipse/software/Teste_bsp/\libhal_bsp.a(alt_exit.o)
                              c:/altera/13.0sp1/nios2eds/bin/gnu/h-i686-mingw32/bin/../lib/gcc/nios2-elf/4.1.2/../../../../nios2-elf/lib/mno-hw-mul\libc.a(lib_a-exit.o) (_exit)

Allocating common symbols
Common symbol       size              file

errno               0x4               c:/altera/13.0sp1/nios2eds/bin/gnu/h-i686-mingw32/bin/../lib/gcc/nios2-elf/4.1.2/../../../../nios2-elf/lib/mno-hw-mul\libc.a(lib_a-int_errno.o)
_atexit0            0x190             c:/altera/13.0sp1/nios2eds/bin/gnu/h-i686-mingw32/bin/../lib/gcc/nios2-elf/4.1.2/../../../../nios2-elf/lib/mno-hw-mul\libc.a(lib_a-atexit.o)

Memory Configuration

Name             Origin             Length             Attributes
reset            0x00004000         0x00000020
Onchip_Memory    0x00004020         0x00003fe0
*default*        0x00000000         0xffffffff

Linker script and memory map

LOAD C:/Users/Francisco/Desktop/DE2_70_Character_Display/Eclipse/software/Teste_bsp//obj/HAL/src/crt0.o
LOAD obj/default/main.o
LOAD c:/altera/13.0sp1/nios2eds/bin/gnu/h-i686-mingw32/bin/../lib/gcc/nios2-elf/4.1.2/../../../../nios2-elf/lib/mno-hw-mul\libstdc++.a
LOAD c:/altera/13.0sp1/nios2eds/bin/gnu/h-i686-mingw32/bin/../lib/gcc/nios2-elf/4.1.2/../../../../nios2-elf/lib/mno-hw-mul\libm.a
LOAD c:/altera/13.0sp1/nios2eds/bin/gnu/h-i686-mingw32/bin/../lib/gcc/nios2-elf/4.1.2/mno-hw-mul\libgcc.a
START GROUP
LOAD c:/altera/13.0sp1/nios2eds/bin/gnu/h-i686-mingw32/bin/../lib/gcc/nios2-elf/4.1.2/../../../../nios2-elf/lib/mno-hw-mul\libc.a
LOAD c:/altera/13.0sp1/nios2eds/bin/gnu/h-i686-mingw32/bin/../lib/gcc/nios2-elf/4.1.2/mno-hw-mul\libgcc.a
LOAD C:/Users/Francisco/Desktop/DE2_70_Character_Display/Eclipse/software/Teste_bsp/\libhal_bsp.a
END GROUP
LOAD c:/altera/13.0sp1/nios2eds/bin/gnu/h-i686-mingw32/bin/../lib/gcc/nios2-elf/4.1.2/mno-hw-mul\libgcc.a
                0x00004000                __alt_mem_Onchip_Memory = 0x4000

.entry          0x00004000       0x20
 *(.entry)
 .entry         0x00004000       0x20 C:/Users/Francisco/Desktop/DE2_70_Character_Display/Eclipse/software/Teste_bsp//obj/HAL/src/crt0.o
                0x00004000                __reset

.exceptions     0x00004020        0x0
                0x00004020                PROVIDE (__ram_exceptions_start, ABSOLUTE (.))
                0x00004020                . = ALIGN (0x20)
 *(.irq)
 *(.exceptions.entry.label)
 *(.exceptions.entry.user)
 *(.exceptions.entry)
 *(.exceptions.irqtest.user)
 *(.exceptions.irqtest)
 *(.exceptions.irqhandler.user)
 *(.exceptions.irqhandler)
 *(.exceptions.irqreturn.user)
 *(.exceptions.irqreturn)
 *(.exceptions.notirq.label)
 *(.exceptions.notirq.user)
 *(.exceptions.notirq)
 *(.exceptions.soft.user)
 *(.exceptions.soft)
 *(.exceptions.unknown.user)
 *(.exceptions.unknown)
 *(.exceptions.exit.label)
 *(.exceptions.exit.user)
 *(.exceptions.exit)
 *(.exceptions)
                0x00004020                PROVIDE (__ram_exceptions_end, ABSOLUTE (.))
                0x00004020                PROVIDE (__flash_exceptions_start, LOADADDR (.exceptions))

.text           0x00004020     0x11f0
                0x00004020                PROVIDE (stext, ABSOLUTE (.))
 *(.interp)
 *(.hash)
 *(.dynsym)
 *(.dynstr)
 *(.gnu.version)
 *(.gnu.version_d)
 *(.gnu.version_r)
 *(.rel.init)
 *(.rela.init)
 *(.rel.text .rel.text.* .rel.gnu.linkonce.t.*)
 *(.rela.text .rela.text.* .rela.gnu.linkonce.t.*)
 *(.rel.fini)
 *(.rela.fini)
 *(.rel.rodata .rel.rodata.* .rel.gnu.linkonce.r.*)
 *(.rela.rodata .rela.rodata.* .rela.gnu.linkonce.r.*)
 *(.rel.data .rel.data.* .rel.gnu.linkonce.d.*)
 *(.rela.data .rela.data.* .rela.gnu.linkonce.d.*)
 *(.rel.tdata .rel.tdata.* .rel.gnu.linkonce.td.*)
 *(.rela.tdata .rela.tdata.* .rela.gnu.linkonce.td.*)
 *(.rel.tbss .rel.tbss.* .rel.gnu.linkonce.tb.*)
 *(.rela.tbss .rela.tbss.* .rela.gnu.linkonce.tb.*)
 *(.rel.ctors)
 *(.rela.ctors)
 *(.rel.dtors)
 *(.rela.dtors)
 *(.rel.got)
 *(.rela.got)
 *(.rel.sdata .rel.sdata.* .rel.gnu.linkonce.s.*)
 *(.rela.sdata .rela.sdata.* .rela.gnu.linkonce.s.*)
 *(.rel.sbss .rel.sbss.* .rel.gnu.linkonce.sb.*)
 *(.rela.sbss .rela.sbss.* .rela.gnu.linkonce.sb.*)
 *(.rel.sdata2 .rel.sdata2.* .rel.gnu.linkonce.s2.*)
 *(.rela.sdata2 .rela.sdata2.* .rela.gnu.linkonce.s2.*)
 *(.rel.sbss2 .rel.sbss2.* .rel.gnu.linkonce.sb2.*)
 *(.rela.sbss2 .rela.sbss2.* .rela.gnu.linkonce.sb2.*)
 *(.rel.bss .rel.bss.* .rel.gnu.linkonce.b.*)
 *(.rela.bss .rela.bss.* .rela.gnu.linkonce.b.*)
 *(.rel.plt)
 *(.rela.plt)
 *(.rel.dyn)
 *(.init)
 *(.plt)
 *(.text .stub .text.* .gnu.linkonce.t.*)
 .text          0x00004020       0x3c C:/Users/Francisco/Desktop/DE2_70_Character_Display/Eclipse/software/Teste_bsp//obj/HAL/src/crt0.o
                0x00004020                _start
 .text          0x0000405c      0x150 obj/default/main.o
                0x0000405c                main
                0x00004114                VGA_text
 .text          0x000041ac       0x98 c:/altera/13.0sp1/nios2eds/bin/gnu/h-i686-mingw32/bin/../lib/gcc/nios2-elf/4.1.2/../../../../nios2-elf/lib/mno-hw-mul\libc.a(lib_a-memset.o)
                0x000041ac                memset
 .text          0x00004244       0x38 c:/altera/13.0sp1/nios2eds/bin/gnu/h-i686-mingw32/bin/../lib/gcc/nios2-elf/4.1.2/mno-hw-mul\libgcc.a(lib2-mul.o)
                0x00004244                __mulsi3
 .text          0x0000427c       0xec C:/Users/Francisco/Desktop/DE2_70_Character_Display/Eclipse/software/Teste_bsp/\libhal_bsp.a(alt_load.o)
                0x0000427c                alt_load
 .text          0x00004368       0x50 C:/Users/Francisco/Desktop/DE2_70_Character_Display/Eclipse/software/Teste_bsp/\libhal_bsp.a(alt_main.o)
                0x00004368                alt_main
 .text          0x000043b8      0x14c C:/Users/Francisco/Desktop/DE2_70_Character_Display/Eclipse/software/Teste_bsp/\libhal_bsp.a(alt_sys_init.o)
                0x000043b8                alt_irq_init
                0x000043ec                alt_sys_init
 .text          0x00004504      0x304 C:/Users/Francisco/Desktop/DE2_70_Character_Display/Eclipse/software/Teste_bsp/\libhal_bsp.a(altera_up_avalon_video_character_buffer_with_dma.o)
                0x00004504                alt_up_char_buffer_init
                0x00004588                alt_up_char_buffer_open_dev
                0x000045c8                alt_up_char_buffer_draw
                0x00004698                alt_up_char_buffer_string
                0x000047ac                alt_up_char_buffer_clear
 .text          0x00004808      0x160 C:/Users/Francisco/Desktop/DE2_70_Character_Display/Eclipse/software/Teste_bsp/\libhal_bsp.a(alt_close.o)
                0x00004808                close
 .text          0x00004968       0x1c C:/Users/Francisco/Desktop/DE2_70_Character_Display/Eclipse/software/Teste_bsp/\libhal_bsp.a(alt_dcache_flush_all.o)
                0x00004968                alt_dcache_flush_all
 .text          0x00004984       0x2c C:/Users/Francisco/Desktop/DE2_70_Character_Display/Eclipse/software/Teste_bsp/\libhal_bsp.a(alt_dev.o)
 .text          0x000049b0      0x114 C:/Users/Francisco/Desktop/DE2_70_Character_Display/Eclipse/software/Teste_bsp/\libhal_bsp.a(alt_dev_llist_insert.o)
                0x000049b0                alt_dev_llist_insert
 .text          0x00004ac4       0x64 C:/Users/Francisco/Desktop/DE2_70_Character_Display/Eclipse/software/Teste_bsp/\libhal_bsp.a(alt_do_ctors.o)
                0x00004ac4                _do_ctors
 .text          0x00004b28       0x64 C:/Users/Francisco/Desktop/DE2_70_Character_Display/Eclipse/software/Teste_bsp/\libhal_bsp.a(alt_do_dtors.o)
                0x00004b28                _do_dtors
 .text          0x00004b8c        0x0 C:/Users/Francisco/Desktop/DE2_70_Character_Display/Eclipse/software/Teste_bsp/\libhal_bsp.a(alt_errno.o)
 .text          0x00004b8c       0x94 C:/Users/Francisco/Desktop/DE2_70_Character_Display/Eclipse/software/Teste_bsp/\libhal_bsp.a(alt_find_dev.o)
                0x00004b8c                alt_find_dev
 .text          0x00004c20       0x1c C:/Users/Francisco/Desktop/DE2_70_Character_Display/Eclipse/software/Teste_bsp/\libhal_bsp.a(alt_icache_flush_all.o)
                0x00004c20                alt_icache_flush_all
 .text          0x00004c3c       0x78 C:/Users/Francisco/Desktop/DE2_70_Character_Display/Eclipse/software/Teste_bsp/\libhal_bsp.a(alt_release_fd.o)
                0x00004c3c                alt_release_fd
 .text          0x00004cb4       0x20 C:/Users/Francisco/Desktop/DE2_70_Character_Display/Eclipse/software/Teste_bsp/\libhal_bsp.a(altera_nios2_qsys_irq.o)
                0x00004cb4                altera_nios2_qsys_irq_init
 .text          0x00004cd4       0x14 c:/altera/13.0sp1/nios2eds/bin/gnu/h-i686-mingw32/bin/../lib/gcc/nios2-elf/4.1.2/../../../../nios2-elf/lib/mno-hw-mul\libc.a(lib_a-atexit.o)
                0x00004cd4                atexit
 .text          0x00004ce8       0x38 c:/altera/13.0sp1/nios2eds/bin/gnu/h-i686-mingw32/bin/../lib/gcc/nios2-elf/4.1.2/../../../../nios2-elf/lib/mno-hw-mul\libc.a(lib_a-exit.o)
                0x00004ce8                exit
 .text          0x00004d20        0x0 c:/altera/13.0sp1/nios2eds/bin/gnu/h-i686-mingw32/bin/../lib/gcc/nios2-elf/4.1.2/../../../../nios2-elf/lib/mno-hw-mul\libc.a(lib_a-impure.o)
 .text          0x00004d20        0x0 c:/altera/13.0sp1/nios2eds/bin/gnu/h-i686-mingw32/bin/../lib/gcc/nios2-elf/4.1.2/../../../../nios2-elf/lib/mno-hw-mul\libc.a(lib_a-int_errno.o)
 .text          0x00004d20       0x74 c:/altera/13.0sp1/nios2eds/bin/gnu/h-i686-mingw32/bin/../lib/gcc/nios2-elf/4.1.2/../../../../nios2-elf/lib/mno-hw-mul\libc.a(lib_a-memcmp.o)
                0x00004d20                memcmp
 .text          0x00004d94       0xbc c:/altera/13.0sp1/nios2eds/bin/gnu/h-i686-mingw32/bin/../lib/gcc/nios2-elf/4.1.2/../../../../nios2-elf/lib/mno-hw-mul\libc.a(lib_a-strcmp.o)
                0x00004d94                strcmp
 .text          0x00004e50       0x74 c:/altera/13.0sp1/nios2eds/bin/gnu/h-i686-mingw32/bin/../lib/gcc/nios2-elf/4.1.2/../../../../nios2-elf/lib/mno-hw-mul\libc.a(lib_a-strlen.o)
                0x00004e50                strlen
 .text          0x00004ec4      0x134 c:/altera/13.0sp1/nios2eds/bin/gnu/h-i686-mingw32/bin/../lib/gcc/nios2-elf/4.1.2/../../../../nios2-elf/lib/mno-hw-mul\libc.a(lib_a-__atexit.o)
                0x00004ec4                __register_exitproc
 .text          0x00004ff8      0x1b4 c:/altera/13.0sp1/nios2eds/bin/gnu/h-i686-mingw32/bin/../lib/gcc/nios2-elf/4.1.2/../../../../nios2-elf/lib/mno-hw-mul\libc.a(lib_a-__call_atexit.o)
                0x00004ffc                __call_exitprocs
 .text          0x000051ac       0x60 C:/Users/Francisco/Desktop/DE2_70_Character_Display/Eclipse/software/Teste_bsp/\libhal_bsp.a(alt_exit.o)
                0x000051ec                _exit
 *(.gnu.warning.*)
 *(.fini)
                0x0000520c                PROVIDE (__etext, ABSOLUTE (.))
                0x0000520c                PROVIDE (_etext, ABSOLUTE (.))
                0x0000520c                PROVIDE (etext, ABSOLUTE (.))
 *(.eh_frame_hdr)
                0x0000520c                . = ALIGN (0x4)
                0x0000520c                PROVIDE (__preinit_array_start, ABSOLUTE (.))
 *(.preinit_array)
                0x0000520c                PROVIDE (__preinit_array_end, ABSOLUTE (.))
                0x0000520c                PROVIDE (__init_array_start, ABSOLUTE (.))
 *(.init_array)
                0x0000520c                PROVIDE (__init_array_end, ABSOLUTE (.))
                0x0000520c                PROVIDE (__fini_array_start, ABSOLUTE (.))
 *(.fini_array)
                0x0000520c                PROVIDE (__fini_array_end, ABSOLUTE (.))
 *(.eh_frame)
 *(.gcc_except_table)
 *(.dynamic)
                0x0000520c                PROVIDE (__CTOR_LIST__, ABSOLUTE (.))
 *(.ctors)
 *(SORT(.ctors.*))
 .ctors.65535   0x0000520c        0x4 c:/altera/13.0sp1/nios2eds/bin/gnu/h-i686-mingw32/bin/../lib/gcc/nios2-elf/4.1.2/../../../../nios2-elf/lib/mno-hw-mul\libc.a(lib_a-__call_atexit.o)
                0x00005210                PROVIDE (__CTOR_END__, ABSOLUTE (.))
                0x00005210                PROVIDE (__DTOR_LIST__, ABSOLUTE (.))
 *(.dtors)
 *(SORT(.dtors.*))
                0x00005210                PROVIDE (__DTOR_END__, ABSOLUTE (.))
 *(.jcr)
                0x00005210                . = ALIGN (0x4)

.rodata         0x00005210       0xb0
                0x00005210                PROVIDE (__ram_rodata_start, ABSOLUTE (.))
                0x00005210                . = ALIGN (0x4)
 *(.rodata .rodata.* .gnu.linkonce.r.*)
 .rodata        0x00005210       0x50 obj/default/main.o
 .rodata        0x00005260       0x34 C:/Users/Francisco/Desktop/DE2_70_Character_Display/Eclipse/software/Teste_bsp/\libhal_bsp.a(alt_sys_init.o)
 .rodata        0x00005294       0x1c C:/Users/Francisco/Desktop/DE2_70_Character_Display/Eclipse/software/Teste_bsp/\libhal_bsp.a(altera_up_avalon_video_character_buffer_with_dma.o)
 .rodata        0x000052b0        0xc C:/Users/Francisco/Desktop/DE2_70_Character_Display/Eclipse/software/Teste_bsp/\libhal_bsp.a(alt_dev.o)
 .rodata.str1.4
                0x000052bc        0x4 c:/altera/13.0sp1/nios2eds/bin/gnu/h-i686-mingw32/bin/../lib/gcc/nios2-elf/4.1.2/../../../../nios2-elf/lib/mno-hw-mul\libc.a(lib_a-impure.o)
 *(.rodata1)
                0x000052c0                . = ALIGN (0x4)
                0x000052c0                PROVIDE (__ram_rodata_end, ABSOLUTE (.))
                0x00005210                PROVIDE (__flash_rodata_start, LOADADDR (.rodata))

.rwdata         0x000052c0      0x610 load address 0x000058d0
                0x000052c0                PROVIDE (__ram_rwdata_start, ABSOLUTE (.))
                0x000052c0                . = ALIGN (0x4)
 *(.got.plt)
 *(.got)
 *(.data1)
 *(.data .data.* .gnu.linkonce.d.*)
 .data          0x000052c0        0x0 C:/Users/Francisco/Desktop/DE2_70_Character_Display/Eclipse/software/Teste_bsp//obj/HAL/src/crt0.o
 .data          0x000052c0        0x0 obj/default/main.o
 .data          0x000052c0        0x0 c:/altera/13.0sp1/nios2eds/bin/gnu/h-i686-mingw32/bin/../lib/gcc/nios2-elf/4.1.2/../../../../nios2-elf/lib/mno-hw-mul\libc.a(lib_a-memset.o)
 .data          0x000052c0        0x0 c:/altera/13.0sp1/nios2eds/bin/gnu/h-i686-mingw32/bin/../lib/gcc/nios2-elf/4.1.2/mno-hw-mul\libgcc.a(lib2-mul.o)
 .data          0x000052c0        0x0 C:/Users/Francisco/Desktop/DE2_70_Character_Display/Eclipse/software/Teste_bsp/\libhal_bsp.a(alt_load.o)
 .data          0x000052c0        0x0 C:/Users/Francisco/Desktop/DE2_70_Character_Display/Eclipse/software/Teste_bsp/\libhal_bsp.a(alt_main.o)
 .data          0x000052c0       0x48 C:/Users/Francisco/Desktop/DE2_70_Character_Display/Eclipse/software/Teste_bsp/\libhal_bsp.a(alt_sys_init.o)
 .data          0x00005308        0x0 C:/Users/Francisco/Desktop/DE2_70_Character_Display/Eclipse/software/Teste_bsp/\libhal_bsp.a(altera_up_avalon_video_character_buffer_with_dma.o)
 .data          0x00005308        0x0 C:/Users/Francisco/Desktop/DE2_70_Character_Display/Eclipse/software/Teste_bsp/\libhal_bsp.a(alt_close.o)
 .data          0x00005308        0x0 C:/Users/Francisco/Desktop/DE2_70_Character_Display/Eclipse/software/Teste_bsp/\libhal_bsp.a(alt_dcache_flush_all.o)
 .data          0x00005308      0x1a8 C:/Users/Francisco/Desktop/DE2_70_Character_Display/Eclipse/software/Teste_bsp/\libhal_bsp.a(alt_dev.o)
                0x00005308                alt_dev_null
                0x00005330                alt_fd_list
 .data          0x000054b0        0x0 C:/Users/Francisco/Desktop/DE2_70_Character_Display/Eclipse/software/Teste_bsp/\libhal_bsp.a(alt_dev_llist_insert.o)
 .data          0x000054b0        0x0 C:/Users/Francisco/Desktop/DE2_70_Character_Display/Eclipse/software/Teste_bsp/\libhal_bsp.a(alt_do_ctors.o)
 .data          0x000054b0        0x0 C:/Users/Francisco/Desktop/DE2_70_Character_Display/Eclipse/software/Teste_bsp/\libhal_bsp.a(alt_do_dtors.o)
 .data          0x000054b0        0x0 C:/Users/Francisco/Desktop/DE2_70_Character_Display/Eclipse/software/Teste_bsp/\libhal_bsp.a(alt_errno.o)
 .data          0x000054b0        0x0 C:/Users/Francisco/Desktop/DE2_70_Character_Display/Eclipse/software/Teste_bsp/\libhal_bsp.a(alt_find_dev.o)
 .data          0x000054b0        0x0 C:/Users/Francisco/Desktop/DE2_70_Character_Display/Eclipse/software/Teste_bsp/\libhal_bsp.a(alt_icache_flush_all.o)
 .data          0x000054b0        0x0 C:/Users/Francisco/Desktop/DE2_70_Character_Display/Eclipse/software/Teste_bsp/\libhal_bsp.a(alt_release_fd.o)
 .data          0x000054b0        0x0 C:/Users/Francisco/Desktop/DE2_70_Character_Display/Eclipse/software/Teste_bsp/\libhal_bsp.a(altera_nios2_qsys_irq.o)
 .data          0x000054b0        0x0 c:/altera/13.0sp1/nios2eds/bin/gnu/h-i686-mingw32/bin/../lib/gcc/nios2-elf/4.1.2/../../../../nios2-elf/lib/mno-hw-mul\libc.a(lib_a-atexit.o)
 .data          0x000054b0        0x0 c:/altera/13.0sp1/nios2eds/bin/gnu/h-i686-mingw32/bin/../lib/gcc/nios2-elf/4.1.2/../../../../nios2-elf/lib/mno-hw-mul\libc.a(lib_a-exit.o)
 .data          0x000054b0      0x400 c:/altera/13.0sp1/nios2eds/bin/gnu/h-i686-mingw32/bin/../lib/gcc/nios2-elf/4.1.2/../../../../nios2-elf/lib/mno-hw-mul\libc.a(lib_a-impure.o)
 .data          0x000058b0        0x0 c:/altera/13.0sp1/nios2eds/bin/gnu/h-i686-mingw32/bin/../lib/gcc/nios2-elf/4.1.2/../../../../nios2-elf/lib/mno-hw-mul\libc.a(lib_a-int_errno.o)
 .data          0x000058b0        0x0 c:/altera/13.0sp1/nios2eds/bin/gnu/h-i686-mingw32/bin/../lib/gcc/nios2-elf/4.1.2/../../../../nios2-elf/lib/mno-hw-mul\libc.a(lib_a-memcmp.o)
 .data          0x000058b0        0x0 c:/altera/13.0sp1/nios2eds/bin/gnu/h-i686-mingw32/bin/../lib/gcc/nios2-elf/4.1.2/../../../../nios2-elf/lib/mno-hw-mul\libc.a(lib_a-strcmp.o)
 .data          0x000058b0        0x0 c:/altera/13.0sp1/nios2eds/bin/gnu/h-i686-mingw32/bin/../lib/gcc/nios2-elf/4.1.2/../../../../nios2-elf/lib/mno-hw-mul\libc.a(lib_a-strlen.o)
 .data          0x000058b0        0x0 c:/altera/13.0sp1/nios2eds/bin/gnu/h-i686-mingw32/bin/../lib/gcc/nios2-elf/4.1.2/../../../../nios2-elf/lib/mno-hw-mul\libc.a(lib_a-__atexit.o)
 .data          0x000058b0        0x0 c:/altera/13.0sp1/nios2eds/bin/gnu/h-i686-mingw32/bin/../lib/gcc/nios2-elf/4.1.2/../../../../nios2-elf/lib/mno-hw-mul\libc.a(lib_a-__call_atexit.o)
 .data          0x000058b0        0x0 C:/Users/Francisco/Desktop/DE2_70_Character_Display/Eclipse/software/Teste_bsp/\libhal_bsp.a(alt_exit.o)
                0x0000d8b0                _gp = ABSOLUTE ((. + 0x8000))
                0x0000d8b0                PROVIDE (gp, _gp)
 *(.rwdata .rwdata.*)
 *(.sdata .sdata.* .gnu.linkonce.s.*)
 .sdata         0x000058b0       0x14 C:/Users/Francisco/Desktop/DE2_70_Character_Display/Eclipse/software/Teste_bsp/\libhal_bsp.a(alt_dev.o)
                0x000058b0                alt_fs_list
                0x000058b8                alt_dev_list
                0x000058c0                alt_max_fd
 .sdata         0x000058c4        0x4 C:/Users/Francisco/Desktop/DE2_70_Character_Display/Eclipse/software/Teste_bsp/\libhal_bsp.a(alt_errno.o)
                0x000058c4                alt_errno
 .sdata         0x000058c8        0x8 c:/altera/13.0sp1/nios2eds/bin/gnu/h-i686-mingw32/bin/../lib/gcc/nios2-elf/4.1.2/../../../../nios2-elf/lib/mno-hw-mul\libc.a(lib_a-impure.o)
                0x000058c8                _impure_ptr
                0x000058cc                _global_impure_ptr
 *(.sdata2 .sdata2.* .gnu.linkonce.s2.*)
                0x000058d0                . = ALIGN (0x4)
                0x000058d0                _edata = ABSOLUTE (.)
                0x000058d0                PROVIDE (edata, ABSOLUTE (.))
                0x000058d0                PROVIDE (__ram_rwdata_end, ABSOLUTE (.))
                0x000058d0                PROVIDE (__flash_rwdata_start, LOADADDR (.rwdata))

.bss            0x00005ee0      0x1a0
                0x00005ee0                __bss_start = ABSOLUTE (.)
                0x00005ee0                PROVIDE (__sbss_start, ABSOLUTE (.))
                0x00005ee0                PROVIDE (___sbss_start, ABSOLUTE (.))
 *(.dynsbss)
 *(.sbss .sbss.* .gnu.linkonce.sb.*)
 .sbss          0x00005ee0        0xc C:/Users/Francisco/Desktop/DE2_70_Character_Display/Eclipse/software/Teste_bsp/\libhal_bsp.a(alt_main.o)
                0x00005ee0                alt_argc
                0x00005ee4                alt_argv
                0x00005ee8                alt_envp
 .sbss          0x00005eec        0x4 c:/altera/13.0sp1/nios2eds/bin/gnu/h-i686-mingw32/bin/../lib/gcc/nios2-elf/4.1.2/../../../../nios2-elf/lib/mno-hw-mul\libc.a(lib_a-int_errno.o)
                0x00005eec                errno
 *(.sbss2 .sbss2.* .gnu.linkonce.sb2.*)
 *(.scommon)
                0x00005ef0                PROVIDE (__sbss_end, ABSOLUTE (.))
                0x00005ef0                PROVIDE (___sbss_end, ABSOLUTE (.))
 *(.dynbss)
 *(.bss .bss.* .gnu.linkonce.b.*)
 .bss           0x00005ef0        0x0 C:/Users/Francisco/Desktop/DE2_70_Character_Display/Eclipse/software/Teste_bsp//obj/HAL/src/crt0.o
 .bss           0x00005ef0        0x0 obj/default/main.o
 .bss           0x00005ef0        0x0 c:/altera/13.0sp1/nios2eds/bin/gnu/h-i686-mingw32/bin/../lib/gcc/nios2-elf/4.1.2/../../../../nios2-elf/lib/mno-hw-mul\libc.a(lib_a-memset.o)
 .bss           0x00005ef0        0x0 c:/altera/13.0sp1/nios2eds/bin/gnu/h-i686-mingw32/bin/../lib/gcc/nios2-elf/4.1.2/mno-hw-mul\libgcc.a(lib2-mul.o)
 .bss           0x00005ef0        0x0 C:/Users/Francisco/Desktop/DE2_70_Character_Display/Eclipse/software/Teste_bsp/\libhal_bsp.a(alt_load.o)
 .bss           0x00005ef0        0x0 C:/Users/Francisco/Desktop/DE2_70_Character_Display/Eclipse/software/Teste_bsp/\libhal_bsp.a(alt_main.o)
 .bss           0x00005ef0        0x0 C:/Users/Francisco/Desktop/DE2_70_Character_Display/Eclipse/software/Teste_bsp/\libhal_bsp.a(alt_sys_init.o)
 .bss           0x00005ef0        0x0 C:/Users/Francisco/Desktop/DE2_70_Character_Display/Eclipse/software/Teste_bsp/\libhal_bsp.a(altera_up_avalon_video_character_buffer_with_dma.o)
 .bss           0x00005ef0        0x0 C:/Users/Francisco/Desktop/DE2_70_Character_Display/Eclipse/software/Teste_bsp/\libhal_bsp.a(alt_close.o)
 .bss           0x00005ef0        0x0 C:/Users/Francisco/Desktop/DE2_70_Character_Display/Eclipse/software/Teste_bsp/\libhal_bsp.a(alt_dcache_flush_all.o)
 .bss           0x00005ef0        0x0 C:/Users/Francisco/Desktop/DE2_70_Character_Display/Eclipse/software/Teste_bsp/\libhal_bsp.a(alt_dev.o)
 .bss           0x00005ef0        0x0 C:/Users/Francisco/Desktop/DE2_70_Character_Display/Eclipse/software/Teste_bsp/\libhal_bsp.a(alt_dev_llist_insert.o)
 .bss           0x00005ef0        0x0 C:/Users/Francisco/Desktop/DE2_70_Character_Display/Eclipse/software/Teste_bsp/\libhal_bsp.a(alt_do_ctors.o)
 .bss           0x00005ef0        0x0 C:/Users/Francisco/Desktop/DE2_70_Character_Display/Eclipse/software/Teste_bsp/\libhal_bsp.a(alt_do_dtors.o)
 .bss           0x00005ef0        0x0 C:/Users/Francisco/Desktop/DE2_70_Character_Display/Eclipse/software/Teste_bsp/\libhal_bsp.a(alt_errno.o)
 .bss           0x00005ef0        0x0 C:/Users/Francisco/Desktop/DE2_70_Character_Display/Eclipse/software/Teste_bsp/\libhal_bsp.a(alt_find_dev.o)
 .bss           0x00005ef0        0x0 C:/Users/Francisco/Desktop/DE2_70_Character_Display/Eclipse/software/Teste_bsp/\libhal_bsp.a(alt_icache_flush_all.o)
 .bss           0x00005ef0        0x0 C:/Users/Francisco/Desktop/DE2_70_Character_Display/Eclipse/software/Teste_bsp/\libhal_bsp.a(alt_release_fd.o)
 .bss           0x00005ef0        0x0 C:/Users/Francisco/Desktop/DE2_70_Character_Display/Eclipse/software/Teste_bsp/\libhal_bsp.a(altera_nios2_qsys_irq.o)
 .bss           0x00005ef0        0x0 c:/altera/13.0sp1/nios2eds/bin/gnu/h-i686-mingw32/bin/../lib/gcc/nios2-elf/4.1.2/../../../../nios2-elf/lib/mno-hw-mul\libc.a(lib_a-atexit.o)
 .bss           0x00005ef0        0x0 c:/altera/13.0sp1/nios2eds/bin/gnu/h-i686-mingw32/bin/../lib/gcc/nios2-elf/4.1.2/../../../../nios2-elf/lib/mno-hw-mul\libc.a(lib_a-exit.o)
 .bss           0x00005ef0        0x0 c:/altera/13.0sp1/nios2eds/bin/gnu/h-i686-mingw32/bin/../lib/gcc/nios2-elf/4.1.2/../../../../nios2-elf/lib/mno-hw-mul\libc.a(lib_a-impure.o)
 .bss           0x00005ef0        0x0 c:/altera/13.0sp1/nios2eds/bin/gnu/h-i686-mingw32/bin/../lib/gcc/nios2-elf/4.1.2/../../../../nios2-elf/lib/mno-hw-mul\libc.a(lib_a-int_errno.o)
 .bss           0x00005ef0        0x0 c:/altera/13.0sp1/nios2eds/bin/gnu/h-i686-mingw32/bin/../lib/gcc/nios2-elf/4.1.2/../../../../nios2-elf/lib/mno-hw-mul\libc.a(lib_a-memcmp.o)
 .bss           0x00005ef0        0x0 c:/altera/13.0sp1/nios2eds/bin/gnu/h-i686-mingw32/bin/../lib/gcc/nios2-elf/4.1.2/../../../../nios2-elf/lib/mno-hw-mul\libc.a(lib_a-strcmp.o)
 .bss           0x00005ef0        0x0 c:/altera/13.0sp1/nios2eds/bin/gnu/h-i686-mingw32/bin/../lib/gcc/nios2-elf/4.1.2/../../../../nios2-elf/lib/mno-hw-mul\libc.a(lib_a-strlen.o)
 .bss           0x00005ef0        0x0 c:/altera/13.0sp1/nios2eds/bin/gnu/h-i686-mingw32/bin/../lib/gcc/nios2-elf/4.1.2/../../../../nios2-elf/lib/mno-hw-mul\libc.a(lib_a-__atexit.o)
 .bss           0x00005ef0        0x0 c:/altera/13.0sp1/nios2eds/bin/gnu/h-i686-mingw32/bin/../lib/gcc/nios2-elf/4.1.2/../../../../nios2-elf/lib/mno-hw-mul\libc.a(lib_a-__call_atexit.o)
 .bss           0x00005ef0        0x0 C:/Users/Francisco/Desktop/DE2_70_Character_Display/Eclipse/software/Teste_bsp/\libhal_bsp.a(alt_exit.o)
 *(COMMON)
 COMMON         0x00005ef0      0x190 c:/altera/13.0sp1/nios2eds/bin/gnu/h-i686-mingw32/bin/../lib/gcc/nios2-elf/4.1.2/../../../../nios2-elf/lib/mno-hw-mul\libc.a(lib_a-atexit.o)
                0x00005ef0                _atexit0
                0x00006080                . = ALIGN (0x4)
                0x00006080                __bss_end = ABSOLUTE (.)

.Onchip_Memory  0x00006080        0x0
                0x00006080                PROVIDE (_alt_partition_Onchip_Memory_start, ABSOLUTE (.))
 *(.Onchip_Memory. Onchip_Memory.*)
                0x00006080                . = ALIGN (0x4)
                0x00006080                PROVIDE (_alt_partition_Onchip_Memory_end, ABSOLUTE (.))
                0x00006080                _end = ABSOLUTE (.)
                0x00006080                end = ABSOLUTE (.)
                0x00006080                __alt_stack_base = ABSOLUTE (.)
                0x00006080                PROVIDE (_alt_partition_Onchip_Memory_load_addr, LOADADDR (.Onchip_Memory))

.stab
 *(.stab)

.stabstr
 *(.stabstr)

.stab.excl
 *(.stab.excl)

.stab.exclstr
 *(.stab.exclstr)

.stab.index
 *(.stab.index)

.stab.indexstr
 *(.stab.indexstr)

.comment        0x00000000       0x26
 *(.comment)
 .comment       0x00000000       0x26 obj/default/main.o
                                 0x27 (size before relaxing)
 .comment       0x00000000       0x27 c:/altera/13.0sp1/nios2eds/bin/gnu/h-i686-mingw32/bin/../lib/gcc/nios2-elf/4.1.2/../../../../nios2-elf/lib/mno-hw-mul\libc.a(lib_a-memset.o)
 .comment       0x00000000       0x27 c:/altera/13.0sp1/nios2eds/bin/gnu/h-i686-mingw32/bin/../lib/gcc/nios2-elf/4.1.2/mno-hw-mul\libgcc.a(lib2-mul.o)
 .comment       0x00000000       0x27 C:/Users/Francisco/Desktop/DE2_70_Character_Display/Eclipse/software/Teste_bsp/\libhal_bsp.a(alt_load.o)
 .comment       0x00000000       0x27 C:/Users/Francisco/Desktop/DE2_70_Character_Display/Eclipse/software/Teste_bsp/\libhal_bsp.a(alt_main.o)
 .comment       0x00000000       0x27 C:/Users/Francisco/Desktop/DE2_70_Character_Display/Eclipse/software/Teste_bsp/\libhal_bsp.a(alt_sys_init.o)
 .comment       0x00000000       0x27 C:/Users/Francisco/Desktop/DE2_70_Character_Display/Eclipse/software/Teste_bsp/\libhal_bsp.a(altera_up_avalon_video_character_buffer_with_dma.o)
 .comment       0x00000000       0x27 C:/Users/Francisco/Desktop/DE2_70_Character_Display/Eclipse/software/Teste_bsp/\libhal_bsp.a(alt_close.o)
 .comment       0x00000000       0x27 C:/Users/Francisco/Desktop/DE2_70_Character_Display/Eclipse/software/Teste_bsp/\libhal_bsp.a(alt_dcache_flush_all.o)
 .comment       0x00000000       0x27 C:/Users/Francisco/Desktop/DE2_70_Character_Display/Eclipse/software/Teste_bsp/\libhal_bsp.a(alt_dev.o)
 .comment       0x00000000       0x27 C:/Users/Francisco/Desktop/DE2_70_Character_Display/Eclipse/software/Teste_bsp/\libhal_bsp.a(alt_dev_llist_insert.o)
 .comment       0x00000000       0x27 C:/Users/Francisco/Desktop/DE2_70_Character_Display/Eclipse/software/Teste_bsp/\libhal_bsp.a(alt_do_ctors.o)
 .comment       0x00000000       0x27 C:/Users/Francisco/Desktop/DE2_70_Character_Display/Eclipse/software/Teste_bsp/\libhal_bsp.a(alt_do_dtors.o)
 .comment       0x00000000       0x27 C:/Users/Francisco/Desktop/DE2_70_Character_Display/Eclipse/software/Teste_bsp/\libhal_bsp.a(alt_errno.o)
 .comment       0x00000000       0x27 C:/Users/Francisco/Desktop/DE2_70_Character_Display/Eclipse/software/Teste_bsp/\libhal_bsp.a(alt_find_dev.o)
 .comment       0x00000000       0x27 C:/Users/Francisco/Desktop/DE2_70_Character_Display/Eclipse/software/Teste_bsp/\libhal_bsp.a(alt_icache_flush_all.o)
 .comment       0x00000000       0x27 C:/Users/Francisco/Desktop/DE2_70_Character_Display/Eclipse/software/Teste_bsp/\libhal_bsp.a(alt_release_fd.o)
 .comment       0x00000000       0x27 C:/Users/Francisco/Desktop/DE2_70_Character_Display/Eclipse/software/Teste_bsp/\libhal_bsp.a(altera_nios2_qsys_irq.o)
 .comment       0x00000000       0x27 c:/altera/13.0sp1/nios2eds/bin/gnu/h-i686-mingw32/bin/../lib/gcc/nios2-elf/4.1.2/../../../../nios2-elf/lib/mno-hw-mul\libc.a(lib_a-atexit.o)
 .comment       0x00000000       0x27 c:/altera/13.0sp1/nios2eds/bin/gnu/h-i686-mingw32/bin/../lib/gcc/nios2-elf/4.1.2/../../../../nios2-elf/lib/mno-hw-mul\libc.a(lib_a-exit.o)
 .comment       0x00000000       0x27 c:/altera/13.0sp1/nios2eds/bin/gnu/h-i686-mingw32/bin/../lib/gcc/nios2-elf/4.1.2/../../../../nios2-elf/lib/mno-hw-mul\libc.a(lib_a-impure.o)
 .comment       0x00000000       0x27 c:/altera/13.0sp1/nios2eds/bin/gnu/h-i686-mingw32/bin/../lib/gcc/nios2-elf/4.1.2/../../../../nios2-elf/lib/mno-hw-mul\libc.a(lib_a-int_errno.o)
 .comment       0x00000000       0x27 c:/altera/13.0sp1/nios2eds/bin/gnu/h-i686-mingw32/bin/../lib/gcc/nios2-elf/4.1.2/../../../../nios2-elf/lib/mno-hw-mul\libc.a(lib_a-memcmp.o)
 .comment       0x00000000       0x27 c:/altera/13.0sp1/nios2eds/bin/gnu/h-i686-mingw32/bin/../lib/gcc/nios2-elf/4.1.2/../../../../nios2-elf/lib/mno-hw-mul\libc.a(lib_a-strcmp.o)
 .comment       0x00000000       0x27 c:/altera/13.0sp1/nios2eds/bin/gnu/h-i686-mingw32/bin/../lib/gcc/nios2-elf/4.1.2/../../../../nios2-elf/lib/mno-hw-mul\libc.a(lib_a-strlen.o)
 .comment       0x00000000       0x27 c:/altera/13.0sp1/nios2eds/bin/gnu/h-i686-mingw32/bin/../lib/gcc/nios2-elf/4.1.2/../../../../nios2-elf/lib/mno-hw-mul\libc.a(lib_a-__atexit.o)
 .comment       0x00000000       0x27 c:/altera/13.0sp1/nios2eds/bin/gnu/h-i686-mingw32/bin/../lib/gcc/nios2-elf/4.1.2/../../../../nios2-elf/lib/mno-hw-mul\libc.a(lib_a-__call_atexit.o)
 .comment       0x00000000       0x27 C:/Users/Francisco/Desktop/DE2_70_Character_Display/Eclipse/software/Teste_bsp/\libhal_bsp.a(alt_exit.o)

.debug
 *(.debug)

.line
 *(.line)

.debug_srcinfo
 *(.debug_srcinfo)

.debug_sfnames
 *(.debug_sfnames)

.debug_aranges  0x00000000      0x348
 *(.debug_aranges)
 .debug_aranges
                0x00000000       0x28 C:/Users/Francisco/Desktop/DE2_70_Character_Display/Eclipse/software/Teste_bsp//obj/HAL/src/crt0.o
 .debug_aranges
                0x00000028       0x20 obj/default/main.o
 .debug_aranges
                0x00000048       0x20 c:/altera/13.0sp1/nios2eds/bin/gnu/h-i686-mingw32/bin/../lib/gcc/nios2-elf/4.1.2/../../../../nios2-elf/lib/mno-hw-mul\libc.a(lib_a-memset.o)
 .debug_aranges
                0x00000068       0x20 c:/altera/13.0sp1/nios2eds/bin/gnu/h-i686-mingw32/bin/../lib/gcc/nios2-elf/4.1.2/mno-hw-mul\libgcc.a(lib2-mul.o)
 .debug_aranges
                0x00000088       0x20 C:/Users/Francisco/Desktop/DE2_70_Character_Display/Eclipse/software/Teste_bsp/\libhal_bsp.a(alt_load.o)
 .debug_aranges
                0x000000a8       0x20 C:/Users/Francisco/Desktop/DE2_70_Character_Display/Eclipse/software/Teste_bsp/\libhal_bsp.a(alt_main.o)
 .debug_aranges
                0x000000c8       0x20 C:/Users/Francisco/Desktop/DE2_70_Character_Display/Eclipse/software/Teste_bsp/\libhal_bsp.a(alt_sys_init.o)
 .debug_aranges
                0x000000e8       0x20 C:/Users/Francisco/Desktop/DE2_70_Character_Display/Eclipse/software/Teste_bsp/\libhal_bsp.a(altera_up_avalon_video_character_buffer_with_dma.o)
 .debug_aranges
                0x00000108       0x20 C:/Users/Francisco/Desktop/DE2_70_Character_Display/Eclipse/software/Teste_bsp/\libhal_bsp.a(alt_close.o)
 .debug_aranges
                0x00000128       0x20 C:/Users/Francisco/Desktop/DE2_70_Character_Display/Eclipse/software/Teste_bsp/\libhal_bsp.a(alt_dcache_flush_all.o)
 .debug_aranges
                0x00000148       0x20 C:/Users/Francisco/Desktop/DE2_70_Character_Display/Eclipse/software/Teste_bsp/\libhal_bsp.a(alt_dev.o)
 .debug_aranges
                0x00000168       0x20 C:/Users/Francisco/Desktop/DE2_70_Character_Display/Eclipse/software/Teste_bsp/\libhal_bsp.a(alt_dev_llist_insert.o)
 .debug_aranges
                0x00000188       0x20 C:/Users/Francisco/Desktop/DE2_70_Character_Display/Eclipse/software/Teste_bsp/\libhal_bsp.a(alt_do_ctors.o)
 .debug_aranges
                0x000001a8       0x20 C:/Users/Francisco/Desktop/DE2_70_Character_Display/Eclipse/software/Teste_bsp/\libhal_bsp.a(alt_do_dtors.o)
 .debug_aranges
                0x000001c8       0x20 C:/Users/Francisco/Desktop/DE2_70_Character_Display/Eclipse/software/Teste_bsp/\libhal_bsp.a(alt_find_dev.o)
 .debug_aranges
                0x000001e8       0x20 C:/Users/Francisco/Desktop/DE2_70_Character_Display/Eclipse/software/Teste_bsp/\libhal_bsp.a(alt_icache_flush_all.o)
 .debug_aranges
                0x00000208       0x20 C:/Users/Francisco/Desktop/DE2_70_Character_Display/Eclipse/software/Teste_bsp/\libhal_bsp.a(alt_release_fd.o)
 .debug_aranges
                0x00000228       0x20 C:/Users/Francisco/Desktop/DE2_70_Character_Display/Eclipse/software/Teste_bsp/\libhal_bsp.a(altera_nios2_qsys_irq.o)
 .debug_aranges
                0x00000248       0x20 c:/altera/13.0sp1/nios2eds/bin/gnu/h-i686-mingw32/bin/../lib/gcc/nios2-elf/4.1.2/../../../../nios2-elf/lib/mno-hw-mul\libc.a(lib_a-atexit.o)
 .debug_aranges
                0x00000268       0x20 c:/altera/13.0sp1/nios2eds/bin/gnu/h-i686-mingw32/bin/../lib/gcc/nios2-elf/4.1.2/../../../../nios2-elf/lib/mno-hw-mul\libc.a(lib_a-exit.o)
 .debug_aranges
                0x00000288       0x20 c:/altera/13.0sp1/nios2eds/bin/gnu/h-i686-mingw32/bin/../lib/gcc/nios2-elf/4.1.2/../../../../nios2-elf/lib/mno-hw-mul\libc.a(lib_a-memcmp.o)
 .debug_aranges
                0x000002a8       0x20 c:/altera/13.0sp1/nios2eds/bin/gnu/h-i686-mingw32/bin/../lib/gcc/nios2-elf/4.1.2/../../../../nios2-elf/lib/mno-hw-mul\libc.a(lib_a-strcmp.o)
 .debug_aranges
                0x000002c8       0x20 c:/altera/13.0sp1/nios2eds/bin/gnu/h-i686-mingw32/bin/../lib/gcc/nios2-elf/4.1.2/../../../../nios2-elf/lib/mno-hw-mul\libc.a(lib_a-strlen.o)
 .debug_aranges
                0x000002e8       0x20 c:/altera/13.0sp1/nios2eds/bin/gnu/h-i686-mingw32/bin/../lib/gcc/nios2-elf/4.1.2/../../../../nios2-elf/lib/mno-hw-mul\libc.a(lib_a-__atexit.o)
 .debug_aranges
                0x00000308       0x20 c:/altera/13.0sp1/nios2eds/bin/gnu/h-i686-mingw32/bin/../lib/gcc/nios2-elf/4.1.2/../../../../nios2-elf/lib/mno-hw-mul\libc.a(lib_a-__call_atexit.o)
 .debug_aranges
                0x00000328       0x20 C:/Users/Francisco/Desktop/DE2_70_Character_Display/Eclipse/software/Teste_bsp/\libhal_bsp.a(alt_exit.o)

.debug_pubnames
                0x00000000      0x4d9
 *(.debug_pubnames)
 .debug_pubnames
                0x00000000       0x28 obj/default/main.o
 .debug_pubnames
                0x00000028       0x1d c:/altera/13.0sp1/nios2eds/bin/gnu/h-i686-mingw32/bin/../lib/gcc/nios2-elf/4.1.2/../../../../nios2-elf/lib/mno-hw-mul\libc.a(lib_a-memset.o)
 .debug_pubnames
                0x00000045       0x1f c:/altera/13.0sp1/nios2eds/bin/gnu/h-i686-mingw32/bin/../lib/gcc/nios2-elf/4.1.2/mno-hw-mul\libgcc.a(lib2-mul.o)
 .debug_pubnames
                0x00000064       0x1f C:/Users/Francisco/Desktop/DE2_70_Character_Display/Eclipse/software/Teste_bsp/\libhal_bsp.a(alt_load.o)
 .debug_pubnames
                0x00000083       0x46 C:/Users/Francisco/Desktop/DE2_70_Character_Display/Eclipse/software/Teste_bsp/\libhal_bsp.a(alt_main.o)
 .debug_pubnames
                0x000000c9       0x34 C:/Users/Francisco/Desktop/DE2_70_Character_Display/Eclipse/software/Teste_bsp/\libhal_bsp.a(alt_sys_init.o)
 .debug_pubnames
                0x000000fd       0xa5 C:/Users/Francisco/Desktop/DE2_70_Character_Display/Eclipse/software/Teste_bsp/\libhal_bsp.a(altera_up_avalon_video_character_buffer_with_dma.o)
 .debug_pubnames
                0x000001a2       0x1c C:/Users/Francisco/Desktop/DE2_70_Character_Display/Eclipse/software/Teste_bsp/\libhal_bsp.a(alt_close.o)
 .debug_pubnames
                0x000001be       0x2b C:/Users/Francisco/Desktop/DE2_70_Character_Display/Eclipse/software/Teste_bsp/\libhal_bsp.a(alt_dcache_flush_all.o)
 .debug_pubnames
                0x000001e9       0x63 C:/Users/Francisco/Desktop/DE2_70_Character_Display/Eclipse/software/Teste_bsp/\libhal_bsp.a(alt_dev.o)
 .debug_pubnames
                0x0000024c       0x2b C:/Users/Francisco/Desktop/DE2_70_Character_Display/Eclipse/software/Teste_bsp/\libhal_bsp.a(alt_dev_llist_insert.o)
 .debug_pubnames
                0x00000277       0x20 C:/Users/Francisco/Desktop/DE2_70_Character_Display/Eclipse/software/Teste_bsp/\libhal_bsp.a(alt_do_ctors.o)
 .debug_pubnames
                0x00000297       0x20 C:/Users/Francisco/Desktop/DE2_70_Character_Display/Eclipse/software/Teste_bsp/\libhal_bsp.a(alt_do_dtors.o)
 .debug_pubnames
                0x000002b7       0x20 C:/Users/Francisco/Desktop/DE2_70_Character_Display/Eclipse/software/Teste_bsp/\libhal_bsp.a(alt_errno.o)
 .debug_pubnames
                0x000002d7       0x23 C:/Users/Francisco/Desktop/DE2_70_Character_Display/Eclipse/software/Teste_bsp/\libhal_bsp.a(alt_find_dev.o)
 .debug_pubnames
                0x000002fa       0x2b C:/Users/Francisco/Desktop/DE2_70_Character_Display/Eclipse/software/Teste_bsp/\libhal_bsp.a(alt_icache_flush_all.o)
 .debug_pubnames
                0x00000325       0x25 C:/Users/Francisco/Desktop/DE2_70_Character_Display/Eclipse/software/Teste_bsp/\libhal_bsp.a(alt_release_fd.o)
 .debug_pubnames
                0x0000034a       0x31 C:/Users/Francisco/Desktop/DE2_70_Character_Display/Eclipse/software/Teste_bsp/\libhal_bsp.a(altera_nios2_qsys_irq.o)
 .debug_pubnames
                0x0000037b       0x2a c:/altera/13.0sp1/nios2eds/bin/gnu/h-i686-mingw32/bin/../lib/gcc/nios2-elf/4.1.2/../../../../nios2-elf/lib/mno-hw-mul\libc.a(lib_a-atexit.o)
 .debug_pubnames
                0x000003a5       0x1b c:/altera/13.0sp1/nios2eds/bin/gnu/h-i686-mingw32/bin/../lib/gcc/nios2-elf/4.1.2/../../../../nios2-elf/lib/mno-hw-mul\libc.a(lib_a-exit.o)
 .debug_pubnames
                0x000003c0       0x39 c:/altera/13.0sp1/nios2eds/bin/gnu/h-i686-mingw32/bin/../lib/gcc/nios2-elf/4.1.2/../../../../nios2-elf/lib/mno-hw-mul\libc.a(lib_a-impure.o)
 .debug_pubnames
                0x000003f9       0x1c c:/altera/13.0sp1/nios2eds/bin/gnu/h-i686-mingw32/bin/../lib/gcc/nios2-elf/4.1.2/../../../../nios2-elf/lib/mno-hw-mul\libc.a(lib_a-int_errno.o)
 .debug_pubnames
                0x00000415       0x1d c:/altera/13.0sp1/nios2eds/bin/gnu/h-i686-mingw32/bin/../lib/gcc/nios2-elf/4.1.2/../../../../nios2-elf/lib/mno-hw-mul\libc.a(lib_a-memcmp.o)
 .debug_pubnames
                0x00000432       0x1d c:/altera/13.0sp1/nios2eds/bin/gnu/h-i686-mingw32/bin/../lib/gcc/nios2-elf/4.1.2/../../../../nios2-elf/lib/mno-hw-mul\libc.a(lib_a-strcmp.o)
 .debug_pubnames
                0x0000044f       0x1d c:/altera/13.0sp1/nios2eds/bin/gnu/h-i686-mingw32/bin/../lib/gcc/nios2-elf/4.1.2/../../../../nios2-elf/lib/mno-hw-mul\libc.a(lib_a-strlen.o)
 .debug_pubnames
                0x0000046c       0x2a c:/altera/13.0sp1/nios2eds/bin/gnu/h-i686-mingw32/bin/../lib/gcc/nios2-elf/4.1.2/../../../../nios2-elf/lib/mno-hw-mul\libc.a(lib_a-__atexit.o)
 .debug_pubnames
                0x00000496       0x27 c:/altera/13.0sp1/nios2eds/bin/gnu/h-i686-mingw32/bin/../lib/gcc/nios2-elf/4.1.2/../../../../nios2-elf/lib/mno-hw-mul\libc.a(lib_a-__call_atexit.o)
 .debug_pubnames
                0x000004bd       0x1c C:/Users/Francisco/Desktop/DE2_70_Character_Display/Eclipse/software/Teste_bsp/\libhal_bsp.a(alt_exit.o)

.debug_info     0x00000000     0x5fc0
 *(.debug_info .gnu.linkonce.wi.*)
 .debug_info    0x00000000       0x80 C:/Users/Francisco/Desktop/DE2_70_Character_Display/Eclipse/software/Teste_bsp//obj/HAL/src/crt0.o
 .debug_info    0x00000080      0x184 obj/default/main.o
 .debug_info    0x00000204      0x113 c:/altera/13.0sp1/nios2eds/bin/gnu/h-i686-mingw32/bin/../lib/gcc/nios2-elf/4.1.2/../../../../nios2-elf/lib/mno-hw-mul\libc.a(lib_a-memset.o)
 .debug_info    0x00000317       0xf3 c:/altera/13.0sp1/nios2eds/bin/gnu/h-i686-mingw32/bin/../lib/gcc/nios2-elf/4.1.2/mno-hw-mul\libgcc.a(lib2-mul.o)
 .debug_info    0x0000040a      0x292 C:/Users/Francisco/Desktop/DE2_70_Character_Display/Eclipse/software/Teste_bsp/\libhal_bsp.a(alt_load.o)
 .debug_info    0x0000069c      0x271 C:/Users/Francisco/Desktop/DE2_70_Character_Display/Eclipse/software/Teste_bsp/\libhal_bsp.a(alt_main.o)
 .debug_info    0x0000090d      0x5aa C:/Users/Francisco/Desktop/DE2_70_Character_Display/Eclipse/software/Teste_bsp/\libhal_bsp.a(alt_sys_init.o)
 .debug_info    0x00000eb7      0x697 C:/Users/Francisco/Desktop/DE2_70_Character_Display/Eclipse/software/Teste_bsp/\libhal_bsp.a(altera_up_avalon_video_character_buffer_with_dma.o)
 .debug_info    0x0000154e      0x46c C:/Users/Francisco/Desktop/DE2_70_Character_Display/Eclipse/software/Teste_bsp/\libhal_bsp.a(alt_close.o)
 .debug_info    0x000019ba      0x161 C:/Users/Francisco/Desktop/DE2_70_Character_Display/Eclipse/software/Teste_bsp/\libhal_bsp.a(alt_dcache_flush_all.o)
 .debug_info    0x00001b1b      0x684 C:/Users/Francisco/Desktop/DE2_70_Character_Display/Eclipse/software/Teste_bsp/\libhal_bsp.a(alt_dev.o)
 .debug_info    0x0000219f      0x2bc C:/Users/Francisco/Desktop/DE2_70_Character_Display/Eclipse/software/Teste_bsp/\libhal_bsp.a(alt_dev_llist_insert.o)
 .debug_info    0x0000245b      0x114 C:/Users/Francisco/Desktop/DE2_70_Character_Display/Eclipse/software/Teste_bsp/\libhal_bsp.a(alt_do_ctors.o)
 .debug_info    0x0000256f      0x113 C:/Users/Francisco/Desktop/DE2_70_Character_Display/Eclipse/software/Teste_bsp/\libhal_bsp.a(alt_do_dtors.o)
 .debug_info    0x00002682      0x169 C:/Users/Francisco/Desktop/DE2_70_Character_Display/Eclipse/software/Teste_bsp/\libhal_bsp.a(alt_errno.o)
 .debug_info    0x000027eb      0x41d C:/Users/Francisco/Desktop/DE2_70_Character_Display/Eclipse/software/Teste_bsp/\libhal_bsp.a(alt_find_dev.o)
 .debug_info    0x00002c08      0x161 C:/Users/Francisco/Desktop/DE2_70_Character_Display/Eclipse/software/Teste_bsp/\libhal_bsp.a(alt_icache_flush_all.o)
 .debug_info    0x00002d69      0x3f7 C:/Users/Francisco/Desktop/DE2_70_Character_Display/Eclipse/software/Teste_bsp/\libhal_bsp.a(alt_release_fd.o)
 .debug_info    0x00003160      0x1af C:/Users/Francisco/Desktop/DE2_70_Character_Display/Eclipse/software/Teste_bsp/\libhal_bsp.a(altera_nios2_qsys_irq.o)
 .debug_info    0x0000330f      0x181 c:/altera/13.0sp1/nios2eds/bin/gnu/h-i686-mingw32/bin/../lib/gcc/nios2-elf/4.1.2/../../../../nios2-elf/lib/mno-hw-mul\libc.a(lib_a-atexit.o)
 .debug_info    0x00003490      0x93f c:/altera/13.0sp1/nios2eds/bin/gnu/h-i686-mingw32/bin/../lib/gcc/nios2-elf/4.1.2/../../../../nios2-elf/lib/mno-hw-mul\libc.a(lib_a-exit.o)
 .debug_info    0x00003dcf      0x93d c:/altera/13.0sp1/nios2eds/bin/gnu/h-i686-mingw32/bin/../lib/gcc/nios2-elf/4.1.2/../../../../nios2-elf/lib/mno-hw-mul\libc.a(lib_a-impure.o)
 .debug_info    0x0000470c       0x8c c:/altera/13.0sp1/nios2eds/bin/gnu/h-i686-mingw32/bin/../lib/gcc/nios2-elf/4.1.2/../../../../nios2-elf/lib/mno-hw-mul\libc.a(lib_a-int_errno.o)
 .debug_info    0x00004798      0x115 c:/altera/13.0sp1/nios2eds/bin/gnu/h-i686-mingw32/bin/../lib/gcc/nios2-elf/4.1.2/../../../../nios2-elf/lib/mno-hw-mul\libc.a(lib_a-memcmp.o)
 .debug_info    0x000048ad       0xdd c:/altera/13.0sp1/nios2eds/bin/gnu/h-i686-mingw32/bin/../lib/gcc/nios2-elf/4.1.2/../../../../nios2-elf/lib/mno-hw-mul\libc.a(lib_a-strcmp.o)
 .debug_info    0x0000498a       0xdb c:/altera/13.0sp1/nios2eds/bin/gnu/h-i686-mingw32/bin/../lib/gcc/nios2-elf/4.1.2/../../../../nios2-elf/lib/mno-hw-mul\libc.a(lib_a-strlen.o)
 .debug_info    0x00004a65      0x99c c:/altera/13.0sp1/nios2eds/bin/gnu/h-i686-mingw32/bin/../lib/gcc/nios2-elf/4.1.2/../../../../nios2-elf/lib/mno-hw-mul\libc.a(lib_a-__atexit.o)
 .debug_info    0x00005401      0x9e2 c:/altera/13.0sp1/nios2eds/bin/gnu/h-i686-mingw32/bin/../lib/gcc/nios2-elf/4.1.2/../../../../nios2-elf/lib/mno-hw-mul\libc.a(lib_a-__call_atexit.o)
 .debug_info    0x00005de3      0x1dd C:/Users/Francisco/Desktop/DE2_70_Character_Display/Eclipse/software/Teste_bsp/\libhal_bsp.a(alt_exit.o)

.debug_abbrev   0x00000000     0x153f
 *(.debug_abbrev)
 .debug_abbrev  0x00000000       0x12 C:/Users/Francisco/Desktop/DE2_70_Character_Display/Eclipse/software/Teste_bsp//obj/HAL/src/crt0.o
 .debug_abbrev  0x00000012       0x8f obj/default/main.o
 .debug_abbrev  0x000000a1       0xb8 c:/altera/13.0sp1/nios2eds/bin/gnu/h-i686-mingw32/bin/../lib/gcc/nios2-elf/4.1.2/../../../../nios2-elf/lib/mno-hw-mul\libc.a(lib_a-memset.o)
 .debug_abbrev  0x00000159       0x7b c:/altera/13.0sp1/nios2eds/bin/gnu/h-i686-mingw32/bin/../lib/gcc/nios2-elf/4.1.2/mno-hw-mul\libgcc.a(lib2-mul.o)
 .debug_abbrev  0x000001d4       0x88 C:/Users/Francisco/Desktop/DE2_70_Character_Display/Eclipse/software/Teste_bsp/\libhal_bsp.a(alt_load.o)
 .debug_abbrev  0x0000025c       0xbe C:/Users/Francisco/Desktop/DE2_70_Character_Display/Eclipse/software/Teste_bsp/\libhal_bsp.a(alt_main.o)
 .debug_abbrev  0x0000031a      0x13d C:/Users/Francisco/Desktop/DE2_70_Character_Display/Eclipse/software/Teste_bsp/\libhal_bsp.a(alt_sys_init.o)
 .debug_abbrev  0x00000457      0x111 C:/Users/Francisco/Desktop/DE2_70_Character_Display/Eclipse/software/Teste_bsp/\libhal_bsp.a(altera_up_avalon_video_character_buffer_with_dma.o)
 .debug_abbrev  0x00000568       0xfb C:/Users/Francisco/Desktop/DE2_70_Character_Display/Eclipse/software/Teste_bsp/\libhal_bsp.a(alt_close.o)
 .debug_abbrev  0x00000663       0x3f C:/Users/Francisco/Desktop/DE2_70_Character_Display/Eclipse/software/Teste_bsp/\libhal_bsp.a(alt_dcache_flush_all.o)
 .debug_abbrev  0x000006a2       0xc7 C:/Users/Francisco/Desktop/DE2_70_Character_Display/Eclipse/software/Teste_bsp/\libhal_bsp.a(alt_dev.o)
 .debug_abbrev  0x00000769       0xf6 C:/Users/Francisco/Desktop/DE2_70_Character_Display/Eclipse/software/Teste_bsp/\libhal_bsp.a(alt_dev_llist_insert.o)
 .debug_abbrev  0x0000085f       0x76 C:/Users/Francisco/Desktop/DE2_70_Character_Display/Eclipse/software/Teste_bsp/\libhal_bsp.a(alt_do_ctors.o)
 .debug_abbrev  0x000008d5       0x76 C:/Users/Francisco/Desktop/DE2_70_Character_Display/Eclipse/software/Teste_bsp/\libhal_bsp.a(alt_do_dtors.o)
 .debug_abbrev  0x0000094b       0x5e C:/Users/Francisco/Desktop/DE2_70_Character_Display/Eclipse/software/Teste_bsp/\libhal_bsp.a(alt_errno.o)
 .debug_abbrev  0x000009a9       0xcf C:/Users/Francisco/Desktop/DE2_70_Character_Display/Eclipse/software/Teste_bsp/\libhal_bsp.a(alt_find_dev.o)
 .debug_abbrev  0x00000a78       0x3f C:/Users/Francisco/Desktop/DE2_70_Character_Display/Eclipse/software/Teste_bsp/\libhal_bsp.a(alt_icache_flush_all.o)
 .debug_abbrev  0x00000ab7       0xc1 C:/Users/Francisco/Desktop/DE2_70_Character_Display/Eclipse/software/Teste_bsp/\libhal_bsp.a(alt_release_fd.o)
 .debug_abbrev  0x00000b78       0x64 C:/Users/Francisco/Desktop/DE2_70_Character_Display/Eclipse/software/Teste_bsp/\libhal_bsp.a(altera_nios2_qsys_irq.o)
 .debug_abbrev  0x00000bdc       0xb7 c:/altera/13.0sp1/nios2eds/bin/gnu/h-i686-mingw32/bin/../lib/gcc/nios2-elf/4.1.2/../../../../nios2-elf/lib/mno-hw-mul\libc.a(lib_a-atexit.o)
 .debug_abbrev  0x00000c93      0x16e c:/altera/13.0sp1/nios2eds/bin/gnu/h-i686-mingw32/bin/../lib/gcc/nios2-elf/4.1.2/../../../../nios2-elf/lib/mno-hw-mul\libc.a(lib_a-exit.o)
 .debug_abbrev  0x00000e01      0x157 c:/altera/13.0sp1/nios2eds/bin/gnu/h-i686-mingw32/bin/../lib/gcc/nios2-elf/4.1.2/../../../../nios2-elf/lib/mno-hw-mul\libc.a(lib_a-impure.o)
 .debug_abbrev  0x00000f58       0x3b c:/altera/13.0sp1/nios2eds/bin/gnu/h-i686-mingw32/bin/../lib/gcc/nios2-elf/4.1.2/../../../../nios2-elf/lib/mno-hw-mul\libc.a(lib_a-int_errno.o)
 .debug_abbrev  0x00000f93       0x7c c:/altera/13.0sp1/nios2eds/bin/gnu/h-i686-mingw32/bin/../lib/gcc/nios2-elf/4.1.2/../../../../nios2-elf/lib/mno-hw-mul\libc.a(lib_a-memcmp.o)
 .debug_abbrev  0x0000100f       0x80 c:/altera/13.0sp1/nios2eds/bin/gnu/h-i686-mingw32/bin/../lib/gcc/nios2-elf/4.1.2/../../../../nios2-elf/lib/mno-hw-mul\libc.a(lib_a-strcmp.o)
 .debug_abbrev  0x0000108f       0x8b c:/altera/13.0sp1/nios2eds/bin/gnu/h-i686-mingw32/bin/../lib/gcc/nios2-elf/4.1.2/../../../../nios2-elf/lib/mno-hw-mul\libc.a(lib_a-strlen.o)
 .debug_abbrev  0x0000111a      0x1ae c:/altera/13.0sp1/nios2eds/bin/gnu/h-i686-mingw32/bin/../lib/gcc/nios2-elf/4.1.2/../../../../nios2-elf/lib/mno-hw-mul\libc.a(lib_a-__atexit.o)
 .debug_abbrev  0x000012c8      0x1de c:/altera/13.0sp1/nios2eds/bin/gnu/h-i686-mingw32/bin/../lib/gcc/nios2-elf/4.1.2/../../../../nios2-elf/lib/mno-hw-mul\libc.a(lib_a-__call_atexit.o)
 .debug_abbrev  0x000014a6       0x99 C:/Users/Francisco/Desktop/DE2_70_Character_Display/Eclipse/software/Teste_bsp/\libhal_bsp.a(alt_exit.o)

.debug_line     0x00000000     0x3bd7
 *(.debug_line)
 .debug_line    0x00000000       0x66 C:/Users/Francisco/Desktop/DE2_70_Character_Display/Eclipse/software/Teste_bsp//obj/HAL/src/crt0.o
 .debug_line    0x00000066       0xc3 obj/default/main.o
 .debug_line    0x00000129      0x304 c:/altera/13.0sp1/nios2eds/bin/gnu/h-i686-mingw32/bin/../lib/gcc/nios2-elf/4.1.2/../../../../nios2-elf/lib/mno-hw-mul\libc.a(lib_a-memset.o)
 .debug_line    0x0000042d      0x11a c:/altera/13.0sp1/nios2eds/bin/gnu/h-i686-mingw32/bin/../lib/gcc/nios2-elf/4.1.2/mno-hw-mul\libgcc.a(lib2-mul.o)
 .debug_line    0x00000547      0x217 C:/Users/Francisco/Desktop/DE2_70_Character_Display/Eclipse/software/Teste_bsp/\libhal_bsp.a(alt_load.o)
 .debug_line    0x0000075e      0x2d6 C:/Users/Francisco/Desktop/DE2_70_Character_Display/Eclipse/software/Teste_bsp/\libhal_bsp.a(alt_main.o)
 .debug_line    0x00000a34      0x295 C:/Users/Francisco/Desktop/DE2_70_Character_Display/Eclipse/software/Teste_bsp/\libhal_bsp.a(alt_sys_init.o)
 .debug_line    0x00000cc9      0x395 C:/Users/Francisco/Desktop/DE2_70_Character_Display/Eclipse/software/Teste_bsp/\libhal_bsp.a(altera_up_avalon_video_character_buffer_with_dma.o)
 .debug_line    0x0000105e      0x299 C:/Users/Francisco/Desktop/DE2_70_Character_Display/Eclipse/software/Teste_bsp/\libhal_bsp.a(alt_close.o)
 .debug_line    0x000012f7      0x1b5 C:/Users/Francisco/Desktop/DE2_70_Character_Display/Eclipse/software/Teste_bsp/\libhal_bsp.a(alt_dcache_flush_all.o)
 .debug_line    0x000014ac      0x254 C:/Users/Francisco/Desktop/DE2_70_Character_Display/Eclipse/software/Teste_bsp/\libhal_bsp.a(alt_dev.o)
 .debug_line    0x00001700      0x25a C:/Users/Francisco/Desktop/DE2_70_Character_Display/Eclipse/software/Teste_bsp/\libhal_bsp.a(alt_dev_llist_insert.o)
 .debug_line    0x0000195a       0x83 C:/Users/Francisco/Desktop/DE2_70_Character_Display/Eclipse/software/Teste_bsp/\libhal_bsp.a(alt_do_ctors.o)
 .debug_line    0x000019dd       0x83 C:/Users/Francisco/Desktop/DE2_70_Character_Display/Eclipse/software/Teste_bsp/\libhal_bsp.a(alt_do_dtors.o)
 .debug_line    0x00001a60      0x1aa C:/Users/Francisco/Desktop/DE2_70_Character_Display/Eclipse/software/Teste_bsp/\libhal_bsp.a(alt_errno.o)
 .debug_line    0x00001c0a      0x26b C:/Users/Francisco/Desktop/DE2_70_Character_Display/Eclipse/software/Teste_bsp/\libhal_bsp.a(alt_find_dev.o)
 .debug_line    0x00001e75      0x1b5 C:/Users/Francisco/Desktop/DE2_70_Character_Display/Eclipse/software/Teste_bsp/\libhal_bsp.a(alt_icache_flush_all.o)
 .debug_line    0x0000202a       0xed C:/Users/Francisco/Desktop/DE2_70_Character_Display/Eclipse/software/Teste_bsp/\libhal_bsp.a(alt_release_fd.o)
 .debug_line    0x00002117      0x1e7 C:/Users/Francisco/Desktop/DE2_70_Character_Display/Eclipse/software/Teste_bsp/\libhal_bsp.a(altera_nios2_qsys_irq.o)
 .debug_line    0x000022fe      0x203 c:/altera/13.0sp1/nios2eds/bin/gnu/h-i686-mingw32/bin/../lib/gcc/nios2-elf/4.1.2/../../../../nios2-elf/lib/mno-hw-mul\libc.a(lib_a-atexit.o)
 .debug_line    0x00002501      0x23b c:/altera/13.0sp1/nios2eds/bin/gnu/h-i686-mingw32/bin/../lib/gcc/nios2-elf/4.1.2/../../../../nios2-elf/lib/mno-hw-mul\libc.a(lib_a-exit.o)
 .debug_line    0x0000273c      0x230 c:/altera/13.0sp1/nios2eds/bin/gnu/h-i686-mingw32/bin/../lib/gcc/nios2-elf/4.1.2/../../../../nios2-elf/lib/mno-hw-mul\libc.a(lib_a-impure.o)
 .debug_line    0x0000296c      0x1e2 c:/altera/13.0sp1/nios2eds/bin/gnu/h-i686-mingw32/bin/../lib/gcc/nios2-elf/4.1.2/../../../../nios2-elf/lib/mno-hw-mul\libc.a(lib_a-int_errno.o)
 .debug_line    0x00002b4e      0x2a2 c:/altera/13.0sp1/nios2eds/bin/gnu/h-i686-mingw32/bin/../lib/gcc/nios2-elf/4.1.2/../../../../nios2-elf/lib/mno-hw-mul\libc.a(lib_a-memcmp.o)
 .debug_line    0x00002df0      0x2d8 c:/altera/13.0sp1/nios2eds/bin/gnu/h-i686-mingw32/bin/../lib/gcc/nios2-elf/4.1.2/../../../../nios2-elf/lib/mno-hw-mul\libc.a(lib_a-strcmp.o)
 .debug_line    0x000030c8      0x270 c:/altera/13.0sp1/nios2eds/bin/gnu/h-i686-mingw32/bin/../lib/gcc/nios2-elf/4.1.2/../../../../nios2-elf/lib/mno-hw-mul\libc.a(lib_a-strlen.o)
 .debug_line    0x00003338      0x316 c:/altera/13.0sp1/nios2eds/bin/gnu/h-i686-mingw32/bin/../lib/gcc/nios2-elf/4.1.2/../../../../nios2-elf/lib/mno-hw-mul\libc.a(lib_a-__atexit.o)
 .debug_line    0x0000364e      0x36a c:/altera/13.0sp1/nios2eds/bin/gnu/h-i686-mingw32/bin/../lib/gcc/nios2-elf/4.1.2/../../../../nios2-elf/lib/mno-hw-mul\libc.a(lib_a-__call_atexit.o)
 .debug_line    0x000039b8      0x21f C:/Users/Francisco/Desktop/DE2_70_Character_Display/Eclipse/software/Teste_bsp/\libhal_bsp.a(alt_exit.o)

.debug_frame    0x00000000      0x560
 *(.debug_frame)
 .debug_frame   0x00000000       0x48 obj/default/main.o
 .debug_frame   0x00000048       0x20 c:/altera/13.0sp1/nios2eds/bin/gnu/h-i686-mingw32/bin/../lib/gcc/nios2-elf/4.1.2/../../../../nios2-elf/lib/mno-hw-mul\libc.a(lib_a-memset.o)
 .debug_frame   0x00000068       0x20 c:/altera/13.0sp1/nios2eds/bin/gnu/h-i686-mingw32/bin/../lib/gcc/nios2-elf/4.1.2/mno-hw-mul\libgcc.a(lib2-mul.o)
 .debug_frame   0x00000088       0x48 C:/Users/Francisco/Desktop/DE2_70_Character_Display/Eclipse/software/Teste_bsp/\libhal_bsp.a(alt_load.o)
 .debug_frame   0x000000d0       0x2c C:/Users/Francisco/Desktop/DE2_70_Character_Display/Eclipse/software/Teste_bsp/\libhal_bsp.a(alt_main.o)
 .debug_frame   0x000000fc       0x64 C:/Users/Francisco/Desktop/DE2_70_Character_Display/Eclipse/software/Teste_bsp/\libhal_bsp.a(alt_sys_init.o)
 .debug_frame   0x00000160       0x9c C:/Users/Francisco/Desktop/DE2_70_Character_Display/Eclipse/software/Teste_bsp/\libhal_bsp.a(altera_up_avalon_video_character_buffer_with_dma.o)
 .debug_frame   0x000001fc       0x48 C:/Users/Francisco/Desktop/DE2_70_Character_Display/Eclipse/software/Teste_bsp/\libhal_bsp.a(alt_close.o)
 .debug_frame   0x00000244       0x2c C:/Users/Francisco/Desktop/DE2_70_Character_Display/Eclipse/software/Teste_bsp/\libhal_bsp.a(alt_dcache_flush_all.o)
 .debug_frame   0x00000270       0x2c C:/Users/Francisco/Desktop/DE2_70_Character_Display/Eclipse/software/Teste_bsp/\libhal_bsp.a(alt_dev.o)
 .debug_frame   0x0000029c       0x48 C:/Users/Francisco/Desktop/DE2_70_Character_Display/Eclipse/software/Teste_bsp/\libhal_bsp.a(alt_dev_llist_insert.o)
 .debug_frame   0x000002e4       0x2c C:/Users/Francisco/Desktop/DE2_70_Character_Display/Eclipse/software/Teste_bsp/\libhal_bsp.a(alt_do_ctors.o)
 .debug_frame   0x00000310       0x2c C:/Users/Francisco/Desktop/DE2_70_Character_Display/Eclipse/software/Teste_bsp/\libhal_bsp.a(alt_do_dtors.o)
 .debug_frame   0x0000033c       0x2c C:/Users/Francisco/Desktop/DE2_70_Character_Display/Eclipse/software/Teste_bsp/\libhal_bsp.a(alt_find_dev.o)
 .debug_frame   0x00000368       0x2c C:/Users/Francisco/Desktop/DE2_70_Character_Display/Eclipse/software/Teste_bsp/\libhal_bsp.a(alt_icache_flush_all.o)
 .debug_frame   0x00000394       0x30 C:/Users/Francisco/Desktop/DE2_70_Character_Display/Eclipse/software/Teste_bsp/\libhal_bsp.a(alt_release_fd.o)
 .debug_frame   0x000003c4       0x2c C:/Users/Francisco/Desktop/DE2_70_Character_Display/Eclipse/software/Teste_bsp/\libhal_bsp.a(altera_nios2_qsys_irq.o)
 .debug_frame   0x000003f0       0x20 c:/altera/13.0sp1/nios2eds/bin/gnu/h-i686-mingw32/bin/../lib/gcc/nios2-elf/4.1.2/../../../../nios2-elf/lib/mno-hw-mul\libc.a(lib_a-atexit.o)
 .debug_frame   0x00000410       0x28 c:/altera/13.0sp1/nios2eds/bin/gnu/h-i686-mingw32/bin/../lib/gcc/nios2-elf/4.1.2/../../../../nios2-elf/lib/mno-hw-mul\libc.a(lib_a-exit.o)
 .debug_frame   0x00000438       0x20 c:/altera/13.0sp1/nios2eds/bin/gnu/h-i686-mingw32/bin/../lib/gcc/nios2-elf/4.1.2/../../../../nios2-elf/lib/mno-hw-mul\libc.a(lib_a-memcmp.o)
 .debug_frame   0x00000458       0x20 c:/altera/13.0sp1/nios2eds/bin/gnu/h-i686-mingw32/bin/../lib/gcc/nios2-elf/4.1.2/../../../../nios2-elf/lib/mno-hw-mul\libc.a(lib_a-strcmp.o)
 .debug_frame   0x00000478       0x20 c:/altera/13.0sp1/nios2eds/bin/gnu/h-i686-mingw32/bin/../lib/gcc/nios2-elf/4.1.2/../../../../nios2-elf/lib/mno-hw-mul\libc.a(lib_a-strlen.o)
 .debug_frame   0x00000498       0x34 c:/altera/13.0sp1/nios2eds/bin/gnu/h-i686-mingw32/bin/../lib/gcc/nios2-elf/4.1.2/../../../../nios2-elf/lib/mno-hw-mul\libc.a(lib_a-__atexit.o)
 .debug_frame   0x000004cc       0x4c c:/altera/13.0sp1/nios2eds/bin/gnu/h-i686-mingw32/bin/../lib/gcc/nios2-elf/4.1.2/../../../../nios2-elf/lib/mno-hw-mul\libc.a(lib_a-__call_atexit.o)
 .debug_frame   0x00000518       0x48 C:/Users/Francisco/Desktop/DE2_70_Character_Display/Eclipse/software/Teste_bsp/\libhal_bsp.a(alt_exit.o)

.debug_str      0x00000000      0xabf
 *(.debug_str)
 .debug_str     0x00000000      0x153 c:/altera/13.0sp1/nios2eds/bin/gnu/h-i686-mingw32/bin/../lib/gcc/nios2-elf/4.1.2/../../../../nios2-elf/lib/mno-hw-mul\libc.a(lib_a-memset.o)
                                0x18c (size before relaxing)
 .debug_str     0x00000153       0xcc c:/altera/13.0sp1/nios2eds/bin/gnu/h-i686-mingw32/bin/../lib/gcc/nios2-elf/4.1.2/mno-hw-mul\libgcc.a(lib2-mul.o)
                                0x175 (size before relaxing)
 .debug_str     0x0000021f       0x12 C:/Users/Francisco/Desktop/DE2_70_Character_Display/Eclipse/software/Teste_bsp/\libhal_bsp.a(alt_load.o)
 .debug_str     0x00000231       0x12 C:/Users/Francisco/Desktop/DE2_70_Character_Display/Eclipse/software/Teste_bsp/\libhal_bsp.a(alt_main.o)
 .debug_str     0x00000243       0x29 C:/Users/Francisco/Desktop/DE2_70_Character_Display/Eclipse/software/Teste_bsp/\libhal_bsp.a(alt_sys_init.o)
 .debug_str     0x0000026c       0x35 C:/Users/Francisco/Desktop/DE2_70_Character_Display/Eclipse/software/Teste_bsp/\libhal_bsp.a(altera_up_avalon_video_character_buffer_with_dma.o)
 .debug_str     0x000002a1       0x12 C:/Users/Francisco/Desktop/DE2_70_Character_Display/Eclipse/software/Teste_bsp/\libhal_bsp.a(alt_close.o)
 .debug_str     0x000002b3       0x12 C:/Users/Francisco/Desktop/DE2_70_Character_Display/Eclipse/software/Teste_bsp/\libhal_bsp.a(alt_dcache_flush_all.o)
 .debug_str     0x000002c5       0x12 C:/Users/Francisco/Desktop/DE2_70_Character_Display/Eclipse/software/Teste_bsp/\libhal_bsp.a(alt_dev.o)
 .debug_str     0x000002d7       0x12 C:/Users/Francisco/Desktop/DE2_70_Character_Display/Eclipse/software/Teste_bsp/\libhal_bsp.a(alt_dev_llist_insert.o)
 .debug_str     0x000002e9       0x12 C:/Users/Francisco/Desktop/DE2_70_Character_Display/Eclipse/software/Teste_bsp/\libhal_bsp.a(alt_errno.o)
 .debug_str     0x000002fb       0x12 C:/Users/Francisco/Desktop/DE2_70_Character_Display/Eclipse/software/Teste_bsp/\libhal_bsp.a(alt_find_dev.o)
 .debug_str     0x0000030d       0x12 C:/Users/Francisco/Desktop/DE2_70_Character_Display/Eclipse/software/Teste_bsp/\libhal_bsp.a(alt_icache_flush_all.o)
 .debug_str     0x0000031f       0x12 C:/Users/Francisco/Desktop/DE2_70_Character_Display/Eclipse/software/Teste_bsp/\libhal_bsp.a(altera_nios2_qsys_irq.o)
 .debug_str     0x00000331      0x12b c:/altera/13.0sp1/nios2eds/bin/gnu/h-i686-mingw32/bin/../lib/gcc/nios2-elf/4.1.2/../../../../nios2-elf/lib/mno-hw-mul\libc.a(lib_a-atexit.o)
                                0x1cd (size before relaxing)
 .debug_str     0x0000045c      0x387 c:/altera/13.0sp1/nios2eds/bin/gnu/h-i686-mingw32/bin/../lib/gcc/nios2-elf/4.1.2/../../../../nios2-elf/lib/mno-hw-mul\libc.a(lib_a-exit.o)
                                0x51a (size before relaxing)
 .debug_str     0x000007e3       0xdf c:/altera/13.0sp1/nios2eds/bin/gnu/h-i686-mingw32/bin/../lib/gcc/nios2-elf/4.1.2/../../../../nios2-elf/lib/mno-hw-mul\libc.a(lib_a-impure.o)
                                0x528 (size before relaxing)
 .debug_str     0x000008c2       0x40 c:/altera/13.0sp1/nios2eds/bin/gnu/h-i686-mingw32/bin/../lib/gcc/nios2-elf/4.1.2/../../../../nios2-elf/lib/mno-hw-mul\libc.a(lib_a-int_errno.o)
                                0x171 (size before relaxing)
 .debug_str     0x00000902       0x45 c:/altera/13.0sp1/nios2eds/bin/gnu/h-i686-mingw32/bin/../lib/gcc/nios2-elf/4.1.2/../../../../nios2-elf/lib/mno-hw-mul\libc.a(lib_a-memcmp.o)
                                0x178 (size before relaxing)
 .debug_str     0x00000947       0x45 c:/altera/13.0sp1/nios2eds/bin/gnu/h-i686-mingw32/bin/../lib/gcc/nios2-elf/4.1.2/../../../../nios2-elf/lib/mno-hw-mul\libc.a(lib_a-strcmp.o)
                                0x171 (size before relaxing)
 .debug_str     0x0000098c       0x45 c:/altera/13.0sp1/nios2eds/bin/gnu/h-i686-mingw32/bin/../lib/gcc/nios2-elf/4.1.2/../../../../nios2-elf/lib/mno-hw-mul\libc.a(lib_a-strlen.o)
                                0x18b (size before relaxing)
 .debug_str     0x000009d1       0x54 c:/altera/13.0sp1/nios2eds/bin/gnu/h-i686-mingw32/bin/../lib/gcc/nios2-elf/4.1.2/../../../../nios2-elf/lib/mno-hw-mul\libc.a(lib_a-__atexit.o)
                                0x532 (size before relaxing)
 .debug_str     0x00000a25       0x7e c:/altera/13.0sp1/nios2eds/bin/gnu/h-i686-mingw32/bin/../lib/gcc/nios2-elf/4.1.2/../../../../nios2-elf/lib/mno-hw-mul\libc.a(lib_a-__call_atexit.o)
                                0x55c (size before relaxing)
 .debug_str     0x00000aa3       0x1c C:/Users/Francisco/Desktop/DE2_70_Character_Display/Eclipse/software/Teste_bsp/\libhal_bsp.a(alt_exit.o)

.debug_loc      0x00000000      0xa75
 *(.debug_loc)
 .debug_loc     0x00000000       0x57 obj/default/main.o
 .debug_loc     0x00000057       0xa1 c:/altera/13.0sp1/nios2eds/bin/gnu/h-i686-mingw32/bin/../lib/gcc/nios2-elf/4.1.2/../../../../nios2-elf/lib/mno-hw-mul\libc.a(lib_a-memset.o)
 .debug_loc     0x000000f8       0x4f c:/altera/13.0sp1/nios2eds/bin/gnu/h-i686-mingw32/bin/../lib/gcc/nios2-elf/4.1.2/mno-hw-mul\libgcc.a(lib2-mul.o)
 .debug_loc     0x00000147       0x56 C:/Users/Francisco/Desktop/DE2_70_Character_Display/Eclipse/software/Teste_bsp/\libhal_bsp.a(alt_load.o)
 .debug_loc     0x0000019d       0x2b C:/Users/Francisco/Desktop/DE2_70_Character_Display/Eclipse/software/Teste_bsp/\libhal_bsp.a(alt_main.o)
 .debug_loc     0x000001c8       0x81 C:/Users/Francisco/Desktop/DE2_70_Character_Display/Eclipse/software/Teste_bsp/\libhal_bsp.a(alt_sys_init.o)
 .debug_loc     0x00000249       0xd7 C:/Users/Francisco/Desktop/DE2_70_Character_Display/Eclipse/software/Teste_bsp/\libhal_bsp.a(altera_up_avalon_video_character_buffer_with_dma.o)
 .debug_loc     0x00000320       0x56 C:/Users/Francisco/Desktop/DE2_70_Character_Display/Eclipse/software/Teste_bsp/\libhal_bsp.a(alt_close.o)
 .debug_loc     0x00000376       0x2b C:/Users/Francisco/Desktop/DE2_70_Character_Display/Eclipse/software/Teste_bsp/\libhal_bsp.a(alt_dcache_flush_all.o)
 .debug_loc     0x000003a1       0x2b C:/Users/Francisco/Desktop/DE2_70_Character_Display/Eclipse/software/Teste_bsp/\libhal_bsp.a(alt_dev.o)
 .debug_loc     0x000003cc       0x56 C:/Users/Francisco/Desktop/DE2_70_Character_Display/Eclipse/software/Teste_bsp/\libhal_bsp.a(alt_dev_llist_insert.o)
 .debug_loc     0x00000422       0x2b C:/Users/Francisco/Desktop/DE2_70_Character_Display/Eclipse/software/Teste_bsp/\libhal_bsp.a(alt_do_ctors.o)
 .debug_loc     0x0000044d       0x2b C:/Users/Francisco/Desktop/DE2_70_Character_Display/Eclipse/software/Teste_bsp/\libhal_bsp.a(alt_do_dtors.o)
 .debug_loc     0x00000478       0x2b C:/Users/Francisco/Desktop/DE2_70_Character_Display/Eclipse/software/Teste_bsp/\libhal_bsp.a(alt_find_dev.o)
 .debug_loc     0x000004a3       0x2b C:/Users/Francisco/Desktop/DE2_70_Character_Display/Eclipse/software/Teste_bsp/\libhal_bsp.a(alt_icache_flush_all.o)
 .debug_loc     0x000004ce       0x2b C:/Users/Francisco/Desktop/DE2_70_Character_Display/Eclipse/software/Teste_bsp/\libhal_bsp.a(alt_release_fd.o)
 .debug_loc     0x000004f9       0x2b C:/Users/Francisco/Desktop/DE2_70_Character_Display/Eclipse/software/Teste_bsp/\libhal_bsp.a(altera_nios2_qsys_irq.o)
 .debug_loc     0x00000524       0x1e c:/altera/13.0sp1/nios2eds/bin/gnu/h-i686-mingw32/bin/../lib/gcc/nios2-elf/4.1.2/../../../../nios2-elf/lib/mno-hw-mul\libc.a(lib_a-atexit.o)
 .debug_loc     0x00000542       0x3d c:/altera/13.0sp1/nios2eds/bin/gnu/h-i686-mingw32/bin/../lib/gcc/nios2-elf/4.1.2/../../../../nios2-elf/lib/mno-hw-mul\libc.a(lib_a-exit.o)
 .debug_loc     0x0000057f      0x114 c:/altera/13.0sp1/nios2eds/bin/gnu/h-i686-mingw32/bin/../lib/gcc/nios2-elf/4.1.2/../../../../nios2-elf/lib/mno-hw-mul\libc.a(lib_a-memcmp.o)
 .debug_loc     0x00000693       0x65 c:/altera/13.0sp1/nios2eds/bin/gnu/h-i686-mingw32/bin/../lib/gcc/nios2-elf/4.1.2/../../../../nios2-elf/lib/mno-hw-mul\libc.a(lib_a-strcmp.o)
 .debug_loc     0x000006f8       0x3c c:/altera/13.0sp1/nios2eds/bin/gnu/h-i686-mingw32/bin/../lib/gcc/nios2-elf/4.1.2/../../../../nios2-elf/lib/mno-hw-mul\libc.a(lib_a-strlen.o)
 .debug_loc     0x00000734      0x120 c:/altera/13.0sp1/nios2eds/bin/gnu/h-i686-mingw32/bin/../lib/gcc/nios2-elf/4.1.2/../../../../nios2-elf/lib/mno-hw-mul\libc.a(lib_a-__atexit.o)
 .debug_loc     0x00000854      0x1cb c:/altera/13.0sp1/nios2eds/bin/gnu/h-i686-mingw32/bin/../lib/gcc/nios2-elf/4.1.2/../../../../nios2-elf/lib/mno-hw-mul\libc.a(lib_a-__call_atexit.o)
 .debug_loc     0x00000a1f       0x56 C:/Users/Francisco/Desktop/DE2_70_Character_Display/Eclipse/software/Teste_bsp/\libhal_bsp.a(alt_exit.o)

.debug_macinfo
 *(.debug_macinfo)

.debug_weaknames
 *(.debug_weaknames)

.debug_funcnames
 *(.debug_funcnames)

.debug_typenames
 *(.debug_typenames)

.debug_varnames
 *(.debug_varnames)

.debug_alt_sim_info
                0x00000000       0x10
 *(.debug_alt_sim_info)
 .debug_alt_sim_info
                0x00000000       0x10 C:/Users/Francisco/Desktop/DE2_70_Character_Display/Eclipse/software/Teste_bsp//obj/HAL/src/crt0.o
                0x00008000                __alt_data_end = 0x8000
                0x00008000                PROVIDE (__alt_stack_pointer, __alt_data_end)
                0x00006080                PROVIDE (__alt_stack_limit, __alt_stack_base)
                0x00006080                PROVIDE (__alt_heap_start, end)
                0x00008000                PROVIDE (__alt_heap_limit, 0x8000)
OUTPUT(Teste.elf elf32-littlenios2)

.debug_ranges   0x00000000       0x38
 .debug_ranges  0x00000000       0x20 C:/Users/Francisco/Desktop/DE2_70_Character_Display/Eclipse/software/Teste_bsp//obj/HAL/src/crt0.o
 .debug_ranges  0x00000020       0x18 c:/altera/13.0sp1/nios2eds/bin/gnu/h-i686-mingw32/bin/../lib/gcc/nios2-elf/4.1.2/../../../../nios2-elf/lib/mno-hw-mul\libc.a(lib_a-__call_atexit.o)
